Component: ARM Compiler 5.06 update 7 (build 960) Tool: armlink [4d3601]

==============================================================================

Section Cross References

    startup_lpc17xx.o(STACK) refers (Special) to heapauxi.o(.text) for __use_two_region_memory
    startup_lpc17xx.o(HEAP) refers (Special) to heapauxi.o(.text) for __use_two_region_memory
    startup_lpc17xx.o(RESET) refers (Special) to heapauxi.o(.text) for __use_two_region_memory
    startup_lpc17xx.o(RESET) refers to startup_lpc17xx.o(STACK) for __initial_sp
    startup_lpc17xx.o(RESET) refers to startup_lpc17xx.o(.text) for Reset_Handler
    startup_lpc17xx.o(RESET) refers to irq_timer.o(.text) for TIMER0_IRQHandler
    startup_lpc17xx.o(RESET) refers to irq_button.o(.text) for EINT0_IRQHandler
    startup_lpc17xx.o(RESET) refers to irq_adc.o(.text) for ADC_IRQHandler
    startup_lpc17xx.o(RESET) refers to irq_can.o(.text) for CAN_IRQHandler
    startup_lpc17xx.o(RESET) refers to irq_rit.o(.text) for RIT_IRQHandler
    startup_lpc17xx.o(.ARM.__at_0x02FC) refers (Special) to heapauxi.o(.text) for __use_two_region_memory
    startup_lpc17xx.o(.text) refers (Special) to heapauxi.o(.text) for __use_two_region_memory
    startup_lpc17xx.o(.text) refers to __main.o(!!!main) for __main
    startup_lpc17xx.o(.text) refers to startup_lpc17xx.o(HEAP) for Heap_Mem
    startup_lpc17xx.o(.text) refers to startup_lpc17xx.o(STACK) for Stack_Mem
    sample.o(.text) refers to system_lpc17xx.o(.text) for SystemInit
    sample.o(.text) refers to lib_led.o(.text) for LED_init
    sample.o(.text) refers to lib_button.o(.text) for BUTTON_init
    sample.o(.text) refers to lib_joystick.o(.text) for joystick_init
    sample.o(.text) refers to lib_rit.o(.text) for init_RIT
    sample.o(.text) refers to lib_timer.o(.text) for init_timer
    sample.o(.text) refers to can_lib.o(.text) for CAN_Init
    sample.o(.text) refers to glcd.o(.text) for LCD_Initialization
    sample.o(.text) refers to touchpanel.o(.text) for TP_Init
    sample.o(.text) refers to gamegfx.o(.text) for draw_boot_image
    sample.o(.text) refers to sample.o(.bss) for boardInfo
    sample.o(.text) refers to game.o(.data) for gameStatus
    system_lpc17xx.o(.text) refers to system_lpc17xx.o(.data) for SystemFrequency
    funct_led.o(.text) refers to funct_led.o(.constdata) for led_mask
    funct_led.o(.text) refers to lib_led.o(.data) for led_value
    lib_led.o(.text) refers to lib_led.o(.data) for led_value
    irq_button.o(.text) refers to irq_timer.o(.data) for down_INT0
    irq_timer.o(.text) refers to _printf_percent.o(.ARM.Collect$$_printf_percent$$00000000) for _printf_percent
    irq_timer.o(.text) refers to _printf_d.o(.ARM.Collect$$_printf_percent$$00000009) for _printf_d
    irq_timer.o(.text) refers to _printf_dec.o(.text) for _printf_int_dec
    irq_timer.o(.text) refers to s_can.o(.text) for SCANcreate
    irq_timer.o(.text) refers to can_lib.o(.text) for CAN_Send
    irq_timer.o(.text) refers to gamegfx.o(.text) for console_print
    irq_timer.o(.text) refers to lib_timer.o(.text) for reset_timer
    irq_timer.o(.text) refers to noretval__2sprintf.o(.text) for __2sprintf
    irq_timer.o(.text) refers to irq_timer.o(.data) for SinTable
    irq_timer.o(.text) refers to game.o(.data) for inputStatus
    irq_timer.o(.text) refers to irq_timer.o(.bss) for down_JOY
    irq_timer.o(.text) refers to sample.o(.bss) for boardInfo
    irq_rit.o(.text) refers to rand.o(.text) for srand
    irq_rit.o(.text) refers to game.o(.text) for init_variables
    irq_rit.o(.text) refers to gamegfx.o(.text) for reset_selection
    irq_rit.o(.text) refers to glcd.o(.text) for LCD_Clear
    irq_rit.o(.text) refers to lib_timer.o(.text) for enable_timer
    irq_rit.o(.text) refers to game.o(.data) for gameStatus
    irq_rit.o(.text) refers to irq_rit.o(.data) for time
    irq_rit.o(.text) refers to gamegfx.o(.data) for mainMenu
    irq_rit.o(.text) refers to game.o(.bss) for currentPiece
    irq_rit.o(.text) refers to sample.o(.bss) for boardInfo
    funct_joystick.o(.text) refers to funct_led.o(.text) for LED_Out
    irq_adc.o(.text) refers to funct_led.o(.text) for LED_Off
    irq_adc.o(.text) refers to glcd.o(.text) for GUI_Text
    irq_adc.o(.text) refers to lib_timer.o(.text) for init_timer
    irq_adc.o(.text) refers to irq_adc.o(.data) for AD_current
    asciilib.o(.text) refers to rt_memcpy_v6.o(.text) for __aeabi_memcpy
    asciilib.o(.text) refers to asciilib.o(.constdata) for AsciiLib
    glcd.o(.text) refers to glcd.o(.data) for LCD_Code
    glcd.o(.text) refers to asciilib.o(.text) for GetASCIICode
    glcd.o(.text) refers to game.o(.data) for ghostEnabled
    hzlib.o(.text) refers to rt_memcpy_v6.o(.text) for __aeabi_memcpy
    hzlib.o(.text) refers to hzlib.o(.constdata) for HzLib
    touchpanel.o(.text) refers to glcd.o(.text) for LCD_SetPoint
    touchpanel.o(.text) refers to rt_memclr_w.o(.text) for __aeabi_memclr4
[...]
    Removing game.o(.rrx_text), (6 bytes).
    Removing gamegfx.o(.rev16_text), (4 bytes).
    Removing gamegfx.o(.revsh_text), (4 bytes).
    Removing gamegfx.o(.rrx_text), (6 bytes).
    Removing can_lib.o(.rev16_text), (4 bytes).
    Removing can_lib.o(.revsh_text), (4 bytes).
    Removing can_lib.o(.rrx_text), (6 bytes).
    Removing irq_can.o(.rev16_text), (4 bytes).
    Removing irq_can.o(.revsh_text), (4 bytes).
    Removing irq_can.o(.rrx_text), (6 bytes).
    Removing s_can.o(.rev16_text), (4 bytes).
    Removing s_can.o(.revsh_text), (4 bytes).
    Removing s_can.o(.rrx_text), (6 bytes).

69 unused section(s) (total 217142 bytes) removed from the image.

==============================================================================

Image Symbol Table

    Local Symbols

    Symbol Name                              Value     Ov Type        Size  Object(Section)

    RESET                                    0x00000000   Section      204  startup_lpc17xx.o(RESET)
    ../clib/angel/boardlib.s                 0x00000000   Number         0  boardinit1.o ABSOLUTE
    ../clib/angel/boardlib.s                 0x00000000   Number         0  boardinit3.o ABSOLUTE
    ../clib/angel/boardlib.s                 0x00000000   Number         0  boardinit2.o ABSOLUTE
    ../clib/angel/boardlib.s                 0x00000000   Number         0  boardshut.o ABSOLUTE
    ../clib/angel/dczerorl2.s                0x00000000   Number         0  __dczerorl2.o ABSOLUTE
    ../clib/angel/handlers.s                 0x00000000   Number         0  __scatter_zi.o ABSOLUTE
    ../clib/angel/kernel.s                   0x00000000   Number         0  __rtentry2.o ABSOLUTE
    ../clib/angel/kernel.s                   0x00000000   Number         0  __rtentry.o ABSOLUTE
    ../clib/angel/kernel.s                   0x00000000   Number         0  rtexit2.o ABSOLUTE
    ../clib/angel/kernel.s                   0x00000000   Number         0  rtexit.o ABSOLUTE
    ../clib/angel/kernel.s                   0x00000000   Number         0  __rtentry4.o ABSOLUTE
    ../clib/angel/rt.s                       0x00000000   Number         0  rt_raise.o ABSOLUTE
    ../clib/angel/scatter.s                  0x00000000   Number         0  __scatter.o ABSOLUTE
    ../clib/angel/startup.s                  0x00000000   Number         0  __main.o ABSOLUTE
    ../clib/angel/sys.s                      0x00000000   Number         0  sys_stackheap_outer.o ABSOLUTE
    ../clib/angel/sys.s                      0x00000000   Number         0  libspace.o ABSOLUTE
    ../clib/angel/sys.s                      0x00000000   Number         0  indicate_semi.o ABSOLUTE
    ../clib/angel/sys.s                      0x00000000   Number         0  use_no_semi.o ABSOLUTE
    ../clib/angel/sysapp.c                   0x00000000   Number         0  sys_command.o ABSOLUTE
    ../clib/angel/sysapp.c                   0x00000000   Number         0  sys_exit.o ABSOLUTE
    ../clib/angel/sysapp.c                   0x00000000   Number         0  sys_wrch.o ABSOLUTE
    ../clib/armsys.c                         0x00000000   Number         0  _get_argv_nomalloc.o ABSOLUTE
    ../clib/armsys.c                         0x00000000   Number         0  no_argv.o ABSOLUTE
    ../clib/armsys.c                         0x00000000   Number         0  argv_veneer.o ABSOLUTE
    ../clib/armsys.c                         0x00000000   Number         0  argv_veneer.o ABSOLUTE
    ../clib/heapalloc.c                      0x00000000   Number         0  hrguard.o ABSOLUTE
    ../clib/heapaux.c                        0x00000000   Number         0  heapauxi.o ABSOLUTE
    ../clib/libinit.s                        0x00000000   Number         0  libinit.o ABSOLUTE
    ../clib/libinit.s                        0x00000000   Number         0  libinit2.o ABSOLUTE
    ../clib/libinit.s                        0x00000000   Number         0  libshutdown.o ABSOLUTE
    ../clib/libinit.s                        0x00000000   Number         0  libshutdown2.o ABSOLUTE
    ../clib/memcpset.s                       0x00000000   Number         0  aeabi_memset.o ABSOLUTE
    ../clib/memcpset.s                       0x00000000   Number         0  rt_memcpy_w.o ABSOLUTE
    ../clib/memcpset.s                       0x00000000   Number         0  rt_memclr.o ABSOLUTE
    ../clib/memcpset.s                       0x00000000   Number         0  rt_memcpy_v6.o ABSOLUTE
    ../clib/memcpset.s                       0x00000000   Number         0  rt_memclr_w.o ABSOLUTE
    ../clib/printf.c                         0x00000000   Number         0  __printf_flags.o ABSOLUTE
    ../clib/printf.c                         0x00000000   Number         0  _printf_dec.o ABSOLUTE
    ../clib/printf.c                         0x00000000   Number         0  __printf_wp.o ABSOLUTE
    ../clib/printf.c                         0x00000000   Number         0  _printf_str.o ABSOLUTE
    ../clib/printf.c                         0x00000000   Number         0  __printf.o ABSOLUTE
    ../clib/printf.c                         0x00000000   Number         0  _printf_char_common.o ABSOLUTE
    ../clib/printf.c                         0x00000000   Number         0  noretval__2sprintf.o ABSOLUTE
    ../clib/printf.c                         0x00000000   Number         0  _printf_char.o ABSOLUTE
    ../clib/printf.c                         0x00000000   Number         0  __2sprintf.o ABSOLUTE
    ../clib/printf.c                         0x00000000   Number         0  _sputc.o ABSOLUTE
    ../clib/printf.c                         0x00000000   Number         0  __printf_flags_wp.o ABSOLUTE
    ../clib/printf.c                         0x00000000   Number         0  __printf_ss_wp.o ABSOLUTE
    ../clib/printf.c                         0x00000000   Number         0  _printf_intcommon.o ABSOLUTE
    ../clib/printf.c                         0x00000000   Number         0  __printf_flags_ss.o ABSOLUTE
    ../clib/printf.c                         0x00000000   Number         0  __printf_flags_ss_wp.o ABSOLUTE
    ../clib/printf.c                         0x00000000   Number         0  __printf_nopercent.o ABSOLUTE
    ../clib/printf.c                         0x00000000   Number         0  __printf_ss.o ABSOLUTE
    ../clib/printf_percent.s                 0x00000000   Number         0  _printf_d.o ABSOLUTE
    ../clib/printf_percent.s                 0x00000000   Number         0  _printf_percent.o ABSOLUTE
    ../clib/printf_percent.s                 0x00000000   Number         0  _printf_percent_end.o ABSOLUTE
    ../clib/printf_percent.s                 0x00000000   Number         0  _printf_s.o ABSOLUTE
    ../clib/signal.c                         0x00000000   Number         0  defsig_rtred_inner.o ABSOLUTE
    ../clib/signal.c                         0x00000000   Number         0  defsig_pvfn_inner.o ABSOLUTE
    ../clib/signal.c                         0x00000000   Number         0  defsig_stak_inner.o ABSOLUTE
    ../clib/signal.c                         0x00000000   Number         0  defsig_cppl_inner.o ABSOLUTE
    ../clib/signal.c                         0x00000000   Number         0  defsig_fpe_inner.o ABSOLUTE
    ../clib/signal.c                         0x00000000   Number         0  defsig_rtmem_formal.o ABSOLUTE
    ../clib/signal.c                         0x00000000   Number         0  defsig_rtmem_outer.o ABSOLUTE
    ../clib/signal.c                         0x00000000   Number         0  defsig_other.o ABSOLUTE
    ../clib/signal.c                         0x00000000   Number         0  __raise.o ABSOLUTE
    ../clib/signal.c                         0x00000000   Number         0  defsig_rtmem_inner.o ABSOLUTE
    ../clib/signal.c                         0x00000000   Number         0  defsig_abrt_inner.o ABSOLUTE
    ../clib/signal.c                         0x00000000   Number         0  defsig_exit.o ABSOLUTE
    ../clib/signal.c                         0x00000000   Number         0  defsig_general.o ABSOLUTE
    ../clib/signal.c                         0x00000000   Number         0  defsig_segv_inner.o ABSOLUTE
    ../clib/signal.s                         0x00000000   Number         0  defsig.o ABSOLUTE
    ../clib/stdlib.c                         0x00000000   Number         0  rand.o ABSOLUTE
    ../clib/stdlib.c                         0x00000000   Number         0  rand.o ABSOLUTE
    ../clib/stdlib.c                         0x00000000   Number         0  exit.o ABSOLUTE
    ../clib/string.c                         0x00000000   Number         0  strlen.o ABSOLUTE
    ../clib/string.c                         0x00000000   Number         0  strcpy.o ABSOLUTE
    ../fplib/daddsub.s                       0x00000000   Number         0  daddsub_clz.o ABSOLUTE
    ../fplib/dcmpi.s                         0x00000000   Number         0  dcmpi.o ABSOLUTE
    ../fplib/ddiv.s                          0x00000000   Number         0  ddiv.o ABSOLUTE
    ../fplib/deqf.s                          0x00000000   Number         0  deqf.o ABSOLUTE
    ../fplib/dfixu.s                         0x00000000   Number         0  dfixu.o ABSOLUTE
    ../fplib/dflt.s                          0x00000000   Number         0  dflt_clz.o ABSOLUTE
    ../fplib/dmul.s                          0x00000000   Number         0  dmul.o ABSOLUTE
    ../fplib/dnaninf.s                       0x00000000   Number         0  dnaninf.o ABSOLUTE
    ../fplib/dretinf.s                       0x00000000   Number         0  dretinf.o ABSOLUTE
    ../fplib/fpinit.s                        0x00000000   Number         0  fpinit.o ABSOLUTE
    ../fplib/usenofp.s                       0x00000000   Number         0  usenofp.o ABSOLUTE
    BootImage.c                              0x00000000   Number         0  bootimage.o ABSOLUTE
    GLCD\AsciiLib.c                          0x00000000   Number         0  asciilib.o ABSOLUTE
    GLCD\GLCD.c                              0x00000000   Number         0  glcd.o ABSOLUTE
    GLCD\HzLib.c                             0x00000000   Number         0  hzlib.o ABSOLUTE
    GLCD\\GLCD.c                             0x00000000   Number         0  glcd.o ABSOLUTE
    RIT\IRQ_RIT.c                            0x00000000   Number         0  irq_rit.o ABSOLUTE
    RIT\\IRQ_RIT.c                           0x00000000   Number         0  irq_rit.o ABSOLUTE
    RIT\\lib_RIT.c                           0x00000000   Number         0  lib_rit.o ABSOLUTE
    RIT\lib_RIT.c                            0x00000000   Number         0  lib_rit.o ABSOLUTE
    TouchPanel\TouchPanel.c                  0x00000000   Number         0  touchpanel.o ABSOLUTE
    TouchPanel\\TouchPanel.c                 0x00000000   Number         0  touchpanel.o ABSOLUTE
    adc\IRQ_adc.c                            0x00000000   Number         0  irq_adc.o ABSOLUTE
    adc\\IRQ_adc.c                           0x00000000   Number         0  irq_adc.o ABSOLUTE
    adc\\lib_adc.c                           0x00000000   Number         0  lib_adc.o ABSOLUTE
    adc\lib_adc.c                            0x00000000   Number         0  lib_adc.o ABSOLUTE
    button_EXINT\IRQ_button.c                0x00000000   Number         0  irq_button.o ABSOLUTE
    button_EXINT\\IRQ_button.c               0x00000000   Number         0  irq_button.o ABSOLUTE
    button_EXINT\\lib_button.c               0x00000000   Number         0  lib_button.o ABSOLUTE
    button_EXINT\lib_button.c                0x00000000   Number         0  lib_button.o ABSOLUTE
    can\IRQ_can.c                            0x00000000   Number         0  irq_can.o ABSOLUTE
    can\\IRQ_can.c                           0x00000000   Number         0  irq_can.o ABSOLUTE
    can\\can_lib.c                           0x00000000   Number         0  can_lib.o ABSOLUTE
    can\\s_can.c                             0x00000000   Number         0  s_can.o ABSOLUTE
    can\can_lib.c                            0x00000000   Number         0  can_lib.o ABSOLUTE
    can\s_can.c                              0x00000000   Number         0  s_can.o ABSOLUTE
    core_cm3.c                               0x00000000   Number         0  core_cm3.o ABSOLUTE
    core_cm3.c                               0x00000000   Number         0  core_cm3.o ABSOLUTE
    dc.s                                     0x00000000   Number         0  dc.o ABSOLUTE
    game\\game.c                             0x00000000   Number         0  game.o ABSOLUTE
    game\\gamegfx.c                          0x00000000   Number         0  gamegfx.o ABSOLUTE
    game\game.c                              0x00000000   Number         0  game.o ABSOLUTE
    game\gamegfx.c                           0x00000000   Number         0  gamegfx.o ABSOLUTE
    joystick\\funct_joystick.c               0x00000000   Number         0  funct_joystick.o ABSOLUTE
    joystick\\lib_joystick.c                 0x00000000   Number         0  lib_joystick.o ABSOLUTE
    joystick\funct_joystick.c                0x00000000   Number         0  funct_joystick.o ABSOLUTE
    joystick\lib_joystick.c                  0x00000000   Number         0  lib_joystick.o ABSOLUTE
    led\\funct_led.c                         0x00000000   Number         0  funct_led.o ABSOLUTE
    led\\lib_led.c                           0x00000000   Number         0  lib_led.o ABSOLUTE
    led\funct_led.c                          0x00000000   Number         0  funct_led.o ABSOLUTE
    led\lib_led.c                            0x00000000   Number         0  lib_led.o ABSOLUTE
    sample.c                                 0x00000000   Number         0  sample.o ABSOLUTE
    sample.c                                 0x00000000   Number         0  sample.o ABSOLUTE
    startup_LPC17xx.s                        0x00000000   Number         0  startup_lpc17xx.o ABSOLUTE
    system_LPC17xx.c                         0x00000000   Number         0  system_lpc17xx.o ABSOLUTE
    system_LPC17xx.c                         0x00000000   Number         0  system_lpc17xx.o ABSOLUTE
    timer\IRQ_timer.c                        0x00000000   Number         0  irq_timer.o ABSOLUTE
    timer\\IRQ_timer.c                       0x00000000   Number         0  irq_timer.o ABSOLUTE
    timer\\lib_timer.c                       0x00000000   Number         0  lib_timer.o ABSOLUTE
    timer\lib_timer.c                        0x00000000   Number         0  lib_timer.o ABSOLUTE
    !!!main                                  0x000000cc   Section        8  __main.o(!!!main)
    !!!scatter                               0x000000d4   Section       52  __scatter.o(!!!scatter)
    !!dczerorl2                              0x00000108   Section       90  __dczerorl2.o(!!dczerorl2)
    !!handler_zi                             0x00000164   Section       28  __scatter_zi.o(!!handler_zi)
    .ARM.Collect$$_printf_percent$$00000000  0x00000180   Section        0  _printf_percent.o(.ARM.Collect$$_printf_percent$$00000000)
    .ARM.Collect$$_printf_percent$$00000009  0x00000180   Section        6  _printf_d.o(.ARM.Collect$$_printf_percent$$00000009)
    .ARM.Collect$$_printf_percent$$00000014  0x00000186   Section        6  _printf_s.o(.ARM.Collect$$_printf_percent$$00000014)
    .ARM.Collect$$_printf_percent$$00000017  0x0000018c   Section        4  _printf_percent_end.o(.ARM.Collect$$_printf_percent$$00000017)
    .ARM.Collect$$libinit$$00000000          0x00000190   Section        2  libinit.o(.ARM.Collect$$libinit$$00000000)
    .ARM.Collect$$libinit$$00000002          0x00000192   Section        0  libinit2.o(.ARM.Collect$$libinit$$00000002)
    .ARM.Collect$$libinit$$00000004          0x00000192   Section        0  libinit2.o(.ARM.Collect$$libinit$$00000004)
    .ARM.Collect$$libinit$$0000000A          0x00000192   Section        0  libinit2.o(.ARM.Collect$$libinit$$0000000A)
    .ARM.Collect$$libinit$$0000000C          0x00000192   Section        0  libinit2.o(.ARM.Collect$$libinit$$0000000C)
    .ARM.Collect$$libinit$$0000000D          0x00000192   Section        4  libinit2.o(.ARM.Collect$$libinit$$0000000D)
    .ARM.Collect$$libinit$$0000000E          0x00000196   Section        0  libinit2.o(.ARM.Collect$$libinit$$0000000E)
    .ARM.Collect$$libinit$$00000011          0x00000196   Section        0  libinit2.o(.ARM.Collect$$libinit$$00000011)
    .ARM.Collect$$libinit$$00000013          0x00000196   Section        0  libinit2.o(.ARM.Collect$$libinit$$00000013)
    .ARM.Collect$$libinit$$00000015          0x00000196   Section        0  libinit2.o(.ARM.Collect$$libinit$$00000015)
    .ARM.Collect$$libinit$$00000017          0x00000196   Section        0  libinit2.o(.ARM.Collect$$libinit$$00000017)
    .ARM.Collect$$libinit$$00000019          0x00000196   Section        0  libinit2.o(.ARM.Collect$$libinit$$00000019)
    .ARM.Collect$$libinit$$0000001B          0x00000196   Section        0  libinit2.o(.ARM.Collect$$libinit$$0000001B)
    .ARM.Collect$$libinit$$0000001D          0x00000196   Section        0  libinit2.o(.ARM.Collect$$libinit$$0000001D)
    .ARM.Collect$$libinit$$0000001F          0x00000196   Section        0  libinit2.o(.ARM.Collect$$libinit$$0000001F)
    .ARM.Collect$$libinit$$00000021          0x00000196   Section        0  libinit2.o(.ARM.Collect$$libinit$$00000021)
    .ARM.Collect$$libinit$$00000023          0x00000196   Section        0  libinit2.o(.ARM.Collect$$libinit$$00000023)
    .ARM.Collect$$libinit$$00000025          0x00000196   Section        0  libinit2.o(.ARM.Collect$$libinit$$00000025)
    .ARM.Collect$$libinit$$0000002C          0x00000196   Section        0  libinit2.o(.ARM.Collect$$libinit$$0000002C)
    .ARM.Collect$$libinit$$0000002E          0x00000196   Section        0  libinit2.o(.ARM.Collect$$libinit$$0000002E)
    .ARM.Collect$$libinit$$00000030          0x00000196   Section        0  libinit2.o(.ARM.Collect$$libinit$$00000030)
    .ARM.Collect$$libinit$$00000032          0x00000196   Section        0  libinit2.o(.ARM.Collect$$libinit$$00000032)
    .ARM.Collect$$libinit$$00000033          0x00000196   Section        2  libinit2.o(.ARM.Collect$$libinit$$00000033)
    .ARM.Collect$$libshutdown$$00000000      0x00000198   Section        2  libshutdown.o(.ARM.Collect$$libshutdown$$00000000)
    .ARM.Collect$$libshutdown$$00000002      0x0000019a   Section        0  libshutdown2.o(.ARM.Collect$$libshutdown$$00000002)
    .ARM.Collect$$libshutdown$$00000004      0x0000019a   Section        0  libshutdown2.o(.ARM.Collect$$libshutdown$$00000004)
    .ARM.Collect$$libshutdown$$00000006      0x0000019a   Section        0  libshutdown2.o(.ARM.Collect$$libshutdown$$00000006)
    .ARM.Collect$$libshutdown$$00000009      0x0000019a   Section        0  libshutdown2.o(.ARM.Collect$$libshutdown$$00000009)
    .ARM.Collect$$libshutdown$$0000000C      0x0000019a   Section        0  libshutdown2.o(.ARM.Collect$$libshutdown$$0000000C)
    .ARM.Collect$$libshutdown$$0000000E      0x0000019a   Section        0  libshutdown2.o(.ARM.Collect$$libshutdown$$0000000E)
    .ARM.Collect$$libshutdown$$00000011      0x0000019a   Section        0  libshutdown2.o(.ARM.Collect$$libshutdown$$00000011)
    .ARM.Collect$$libshutdown$$00000012      0x0000019a   Section        2  libshutdown2.o(.ARM.Collect$$libshutdown$$00000012)
    .ARM.Collect$$rtentry$$00000000          0x0000019c   Section        0  __rtentry.o(.ARM.Collect$$rtentry$$00000000)
    .ARM.Collect$$rtentry$$00000002          0x0000019c   Section        0  __rtentry2.o(.ARM.Collect$$rtentry$$00000002)
    .ARM.Collect$$rtentry$$00000004          0x0000019c   Section        6  __rtentry4.o(.ARM.Collect$$rtentry$$00000004)
    .ARM.Collect$$rtentry$$00000009          0x000001a2   Section        0  __rtentry2.o(.ARM.Collect$$rtentry$$00000009)
    .ARM.Collect$$rtentry$$0000000A          0x000001a2   Section        4  __rtentry2.o(.ARM.Collect$$rtentry$$0000000A)
    .ARM.Collect$$rtentry$$0000000C          0x000001a6   Section        0  __rtentry2.o(.ARM.Collect$$rtentry$$0000000C)
    .ARM.Collect$$rtentry$$0000000D          0x000001a6   Section        8  __rtentry2.o(.ARM.Collect$$rtentry$$0000000D)
    .ARM.Collect$$rtexit$$00000000           0x000001ae   Section        2  rtexit.o(.ARM.Collect$$rtexit$$00000000)
    .ARM.Collect$$rtexit$$00000002           0x000001b0   Section        0  rtexit2.o(.ARM.Collect$$rtexit$$00000002)
    .ARM.Collect$$rtexit$$00000003           0x000001b0   Section        4  rtexit2.o(.ARM.Collect$$rtexit$$00000003)
    .ARM.Collect$$rtexit$$00000004           0x000001b4   Section        6  rtexit2.o(.ARM.Collect$$rtexit$$00000004)
    .emb_text                                0x000001bc   Section       52  rand.o(.emb_text)
    .text                                    0x000001f0   Section       52  startup_lpc17xx.o(.text)
    .text                                    0x00000224   Section        0  sample.o(.text)
    .text                                    0x000002d0   Section        0  asciilib.o(.text)
    .text                                    0x000002f0   Section        0  heapauxi.o(.text)
    .text                                    0x000002f6   Section        2  use_no_semi.o(.text)
    .text                                    0x000002f8   Section        0  indicate_semi.o(.text)
    x$fpl$usenofp                            0x000002f8   Section        0  usenofp.o(x$fpl$usenofp)
    .ARM.__at_0x02FC                         0x000002fc   Section        4  startup_lpc17xx.o(.ARM.__at_0x02FC)
    .text                                    0x00000300   Section        0  system_lpc17xx.o(.text)
    .text                                    0x0000052c   Section        0  funct_led.o(.text)
    .text                                    0x00000598   Section        0  lib_led.o(.text)
    .text                                    0x000005d8   Section        0  irq_button.o(.text)
    __NVIC_DisableIRQ                        0x000005d9   Thumb Code    30  irq_button.o(.text)
    .text                                    0x00000690   Section        0  lib_button.o(.text)
    __NVIC_EnableIRQ                         0x00000691   Thumb Code    34  lib_button.o(.text)
    __NVIC_SetPriority                       0x000006b3   Thumb Code    32  lib_button.o(.text)
    .text                                    0x00000764   Section        0  irq_timer.o(.text)
    __NVIC_EnableIRQ                         0x00000765   Thumb Code    34  irq_timer.o(.text)
    .text                                    0x00000b14   Section        0  lib_timer.o(.text)
    __NVIC_EnableIRQ                         0x00000b15   Thumb Code    34  lib_timer.o(.text)
    .text                                    0x00000c50   Section        0  irq_rit.o(.text)
    .text                                    0x00000f64   Section        0  lib_rit.o(.text)
    .text                                    0x00000ff8   Section        0  lib_joystick.o(.text)
    .text                                    0x0000107c   Section        0  irq_adc.o(.text)
    .text                                    0x000011dc   Section        0  glcd.o(.text)
    LCD_Configuration                        0x000011dd   Thumb Code    20  glcd.o(.text)
    wait_delay                               0x000011f1   Thumb Code    12  glcd.o(.text)
    LCD_SetCursor                            0x000011fd   Thumb Code  1356  glcd.o(.text)
    delay_ms                                 0x00001749   Thumb Code    30  glcd.o(.text)
    LCD_BGR2RGB                              0x00004c45   Thumb Code    26  glcd.o(.text)
    .text                                    0x00005d7c   Section        0  touchpanel.o(.text)
    ADS7843_SPI_Init                         0x00005d8d   Thumb Code   128  touchpanel.o(.text)
    DelayUS                                  0x00005e2b   Thumb Code    28  touchpanel.o(.text)
    WR_CMD                                   0x00005e47   Thumb Code    56  touchpanel.o(.text)
    RD_AD                                    0x00005e7f   Thumb Code    44  touchpanel.o(.text)
    .text                                    0x000065bc   Section        0  game.o(.text)
    .text                                    0x00007174   Section        0  gamegfx.o(.text)
    .text                                    0x00007df4   Section        0  can_lib.o(.text)
    .text                                    0x0000823c   Section        0  irq_can.o(.text)
    .text                                    0x00008544   Section        0  s_can.o(.text)
    .text                                    0x00008818   Section        0  noretval__2sprintf.o(.text)
    .text                                    0x00008840   Section        0  __printf.o(.text)
    .text                                    0x000088a8   Section        0  _printf_str.o(.text)
    .text                                    0x000088fc   Section        0  _printf_dec.o(.text)
    .text                                    0x00008974   Section        0  rand.o(.text)
    .text                                    0x000089b0   Section        0  strcpy.o(.text)
    .text                                    0x000089f8   Section        0  strlen.o(.text)
    .text                                    0x00008a36   Section      138  rt_memcpy_v6.o(.text)
    .text                                    0x00008ac0   Section       16  aeabi_memset.o(.text)
    .text                                    0x00008ad0   Section       68  rt_memclr.o(.text)
    .text                                    0x00008b14   Section       78  rt_memclr_w.o(.text)
    .text                                    0x00008b62   Section        0  _printf_intcommon.o(.text)
    .text                                    0x00008c14   Section        0  _printf_char_common.o(.text)
    _printf_input_char                       0x00008c15   Thumb Code    10  _printf_char_common.o(.text)
    .text                                    0x00008c44   Section        0  _sputc.o(.text)
    .text                                    0x00008c4e   Section        0  _printf_char.o(.text)
    .text                                    0x00008c7a   Section      100  rt_memcpy_w.o(.text)
    .text                                    0x00008cde   Section       74  sys_stackheap_outer.o(.text)
    .text                                    0x00008d28   Section        0  exit.o(.text)
    .text                                    0x00008d3c   Section        8  libspace.o(.text)
    .text                                    0x00008d44   Section        0  sys_exit.o(.text)
    x$fpl$dadd                               0x00008d50   Section      336  daddsub_clz.o(x$fpl$dadd)
    _dadd1                                   0x00008d61   Thumb Code     0  daddsub_clz.o(x$fpl$dadd)
    x$fpl$dcmpinf                            0x00008ea0   Section       24  dcmpi.o(x$fpl$dcmpinf)
    x$fpl$ddiv                               0x00008eb8   Section      688  ddiv.o(x$fpl$ddiv)
    ddiv_entry                               0x00008ebf   Thumb Code     0  ddiv.o(x$fpl$ddiv)
    x$fpl$deqf                               0x00009168   Section      120  deqf.o(x$fpl$deqf)
    x$fpl$dfixu                              0x000091e0   Section       90  dfixu.o(x$fpl$dfixu)
    x$fpl$dflt                               0x0000923a   Section       46  dflt_clz.o(x$fpl$dflt)
    x$fpl$dfltu                              0x00009268   Section       38  dflt_clz.o(x$fpl$dfltu)
    x$fpl$dmul                               0x00009290   Section      340  dmul.o(x$fpl$dmul)
    x$fpl$dnaninf                            0x000093e4   Section      156  dnaninf.o(x$fpl$dnaninf)
    x$fpl$dretinf                            0x00009480   Section       12  dretinf.o(x$fpl$dretinf)
    x$fpl$dsub                               0x0000948c   Section      468  daddsub_clz.o(x$fpl$dsub)
    _dsub1                                   0x0000949d   Thumb Code     0  daddsub_clz.o(x$fpl$dsub)
    .constdata                               0x00009660   Section       32  funct_led.o(.constdata)
    .constdata                               0x00009680   Section     1584  asciilib.o(.constdata)
    AsciiLib                                 0x00009680   Data        1584  asciilib.o(.constdata)
    .constdata                               0x00009cb0   Section    76954  bootimage.o(.constdata)
    .conststring                             0x0001c94c   Section       54  s_can.o(.conststring)
    .bss                                     0x10000000   Section    15638  gamegfx.o(.bss)
    .data                                    0x2007c000   Section        4  system_lpc17xx.o(.data)
    .data                                    0x2007c004   Section        1  lib_led.o(.data)
    .data                                    0x2007c008   Section      240  irq_timer.o(.data)
    ticks                                    0x2007c0f4   Data           4  irq_timer.o(.data)
    .data                                    0x2007c0f8   Section        4  irq_rit.o(.data)
    .data                                    0x2007c0fc   Section        8  irq_adc.o(.data)
    .data                                    0x2007c104   Section        1  glcd.o(.data)
    LCD_Code                                 0x2007c104   Data           1  glcd.o(.data)
    .data                                    0x2007c106   Section       20  touchpanel.o(.data)
    screen                                   0x2007c116   Data           4  touchpanel.o(.data)
    .data                                    0x2007c11c   Section      799  game.o(.data)
    .data                                    0x2007c43c   Section     1760  gamegfx.o(.data)
    .data                                    0x2007cb1c   Section       40  s_can.o(.data)
    .bss                                     0x2007cb44   Section       26  sample.o(.bss)
    .bss                                     0x2007cb60   Section       52  irq_timer.o(.bss)
    .bss                                     0x2007cb98   Section       68  touchpanel.o(.bss)
    .bss                                     0x2007cbdc   Section     2246  game.o(.bss)
    .bss                                     0x2007d4a4   Section      228  rand.o(.bss)
    .bss                                     0x2007d588   Section       96  libspace.o(.bss)
    HEAP                                     0x2007d5e8   Section        0  startup_lpc17xx.o(HEAP)
    STACK                                    0x2007d5e8   Section      512  startup_lpc17xx.o(STACK)
    Heap_Mem                                 0x2007d5e8   Data           0  startup_lpc17xx.o(HEAP)
    Stack_Mem                                0x2007d5e8   Data         512  startup_lpc17xx.o(STACK)
    __initial_sp                             0x2007d7e8   Data           0  startup_lpc17xx.o(STACK)

    Global Symbols

    Symbol Name                              Value     Ov Type        Size  Object(Section)

    BuildAttributes$$THM_ISAv4$P$D$K$B$S$PE$A:L22UL41UL21$X:L11$S22US41US21$IEEE1$IW$USESV6$~STKCKD$USESV7$~SHL$OSPACE$ROPI$EBA8$UX$STANDARDLIB$REQ8$PRES8$EABIv2 0x00000000   Number         0  anon$$obj.o ABSOLUTE
    __ARM_use_no_argv                        0x00000000   Number         0  sample.o ABSOLUTE
    __Vectors                                0x00000000   Data           4  startup_lpc17xx.o(RESET)
    __ARM_exceptions_init                     - Undefined Weak Reference
    __alloca_initialize                       - Undefined Weak Reference
    __arm_fini_                               - Undefined Weak Reference
    __arm_preinit_                            - Undefined Weak Reference
    __cpp_initialize__aeabi_                  - Undefined Weak Reference
    __cxa_finalize                            - Undefined Weak Reference
    __rt_locale                               - Undefined Weak Reference
    __sigvec_lookup                           - Undefined Weak Reference
    _atexit_init                              - Undefined Weak Reference
    _call_atexit_fns                          - Undefined Weak Reference
    _clock_init                               - Undefined Weak Reference
    _fp_trap_init                             - Undefined Weak Reference
    _fp_trap_shutdown                         - Undefined Weak Reference
    _get_lc_collate                           - Undefined Weak Reference
    _get_lc_ctype                             - Undefined Weak Reference
    _get_lc_monetary                          - Undefined Weak Reference
    _get_lc_numeric                           - Undefined Weak Reference
    _get_lc_time                              - Undefined Weak Reference
    _getenv_init                              - Undefined Weak Reference
    _handle_redirection                       - Undefined Weak Reference
    _init_alloc                               - Undefined Weak Reference
    _init_user_alloc                          - Undefined Weak Reference
    _initio                                   - Undefined Weak Reference
    _printf_mbtowc                            - Undefined Weak Reference
    _printf_post_padding                      - Undefined Weak Reference
    _printf_pre_padding                       - Undefined Weak Reference
    _printf_truncate_signed                   - Undefined Weak Reference
    _printf_truncate_unsigned                 - Undefined Weak Reference
    _signal_finish                            - Undefined Weak Reference
    _signal_init                              - Undefined Weak Reference
    _terminate_alloc                          - Undefined Weak Reference
    _terminate_user_alloc                     - Undefined Weak Reference
    _terminateio                              - Undefined Weak Reference
    __main                                   0x000000cd   Thumb Code     8  __main.o(!!!main)
    __scatterload                            0x000000d5   Thumb Code     0  __scatter.o(!!!scatter)
    __scatterload_rt2                        0x000000d5   Thumb Code    44  __scatter.o(!!!scatter)
    __scatterload_rt2_thumb_only             0x000000d5   Thumb Code     0  __scatter.o(!!!scatter)
    __scatterload_null                       0x000000e3   Thumb Code     0  __scatter.o(!!!scatter)
    __decompress                             0x00000109   Thumb Code    90  __dczerorl2.o(!!dczerorl2)
    __decompress1                            0x00000109   Thumb Code     0  __dczerorl2.o(!!dczerorl2)
    __scatterload_zeroinit                   0x00000165   Thumb Code    28  __scatter_zi.o(!!handler_zi)
    _printf_d                                0x00000181   Thumb Code     0  _printf_d.o(.ARM.Collect$$_printf_percent$$00000009)
    _printf_percent                          0x00000181   Thumb Code     0  _printf_percent.o(.ARM.Collect$$_printf_percent$$00000000)
    _printf_s                                0x00000187   Thumb Code     0  _printf_s.o(.ARM.Collect$$_printf_percent$$00000014)
    _printf_percent_end                      0x0000018d   Thumb Code     0  _printf_percent_end.o(.ARM.Collect$$_printf_percent$$00000017)
    __rt_lib_init                            0x00000191   Thumb Code     0  libinit.o(.ARM.Collect$$libinit$$00000000)
    __rt_lib_init_fp_1                       0x00000193   Thumb Code     0  libinit2.o(.ARM.Collect$$libinit$$00000002)
    __rt_lib_init_heap_1                     0x00000193   Thumb Code     0  libinit2.o(.ARM.Collect$$libinit$$0000000A)
    __rt_lib_init_preinit_1                  0x00000193   Thumb Code     0  libinit2.o(.ARM.Collect$$libinit$$00000004)
    __rt_lib_init_rand_2                     0x00000193   Thumb Code     0  libinit2.o(.ARM.Collect$$libinit$$0000000D)
    __rt_lib_init_user_alloc_1               0x00000193   Thumb Code     0  libinit2.o(.ARM.Collect$$libinit$$0000000C)
    __rt_lib_init_alloca_1                   0x00000197   Thumb Code     0  libinit2.o(.ARM.Collect$$libinit$$0000002E)
    __rt_lib_init_argv_1                     0x00000197   Thumb Code     0  libinit2.o(.ARM.Collect$$libinit$$0000002C)
    __rt_lib_init_atexit_1                   0x00000197   Thumb Code     0  libinit2.o(.ARM.Collect$$libinit$$0000001B)
    __rt_lib_init_clock_1                    0x00000197   Thumb Code     0  libinit2.o(.ARM.Collect$$libinit$$00000021)
    __rt_lib_init_cpp_1                      0x00000197   Thumb Code     0  libinit2.o(.ARM.Collect$$libinit$$00000032)
    __rt_lib_init_exceptions_1               0x00000197   Thumb Code     0  libinit2.o(.ARM.Collect$$libinit$$00000030)
    __rt_lib_init_fp_trap_1                  0x00000197   Thumb Code     0  libinit2.o(.ARM.Collect$$libinit$$0000001F)
    __rt_lib_init_getenv_1                   0x00000197   Thumb Code     0  libinit2.o(.ARM.Collect$$libinit$$00000023)
    __rt_lib_init_lc_collate_1               0x00000197   Thumb Code     0  libinit2.o(.ARM.Collect$$libinit$$00000011)
    __rt_lib_init_lc_ctype_1                 0x00000197   Thumb Code     0  libinit2.o(.ARM.Collect$$libinit$$00000013)
    __rt_lib_init_lc_monetary_1              0x00000197   Thumb Code     0  libinit2.o(.ARM.Collect$$libinit$$00000015)
    __rt_lib_init_lc_numeric_1               0x00000197   Thumb Code     0  libinit2.o(.ARM.Collect$$libinit$$00000017)
    __rt_lib_init_lc_time_1                  0x00000197   Thumb Code     0  libinit2.o(.ARM.Collect$$libinit$$00000019)
    __rt_lib_init_rand_1                     0x00000197   Thumb Code     0  libinit2.o(.ARM.Collect$$libinit$$0000000E)
    __rt_lib_init_return                     0x00000197   Thumb Code     0  libinit2.o(.ARM.Collect$$libinit$$00000033)
    __rt_lib_init_signal_1                   0x00000197   Thumb Code     0  libinit2.o(.ARM.Collect$$libinit$$0000001D)
    __rt_lib_init_stdio_1                    0x00000197   Thumb Code     0  libinit2.o(.ARM.Collect$$libinit$$00000025)
    __rt_lib_shutdown                        0x00000199   Thumb Code     0  libshutdown.o(.ARM.Collect$$libshutdown$$00000000)
    __rt_lib_shutdown_cpp_1                  0x0000019b   Thumb Code     0  libshutdown2.o(.ARM.Collect$$libshutdown$$00000004)
    __rt_lib_shutdown_fini_1                 0x0000019b   Thumb Code     0  libshutdown2.o(.ARM.Collect$$libshutdown$$00000002)
    __rt_lib_shutdown_fp_trap_1              0x0000019b   Thumb Code     0  libshutdown2.o(.ARM.Collect$$libshutdown$$00000009)
    __rt_lib_shutdown_heap_1                 0x0000019b   Thumb Code     0  libshutdown2.o(.ARM.Collect$$libshutdown$$00000011)
    __rt_lib_shutdown_return                 0x0000019b   Thumb Code     0  libshutdown2.o(.ARM.Collect$$libshutdown$$00000012)
    __rt_lib_shutdown_signal_1               0x0000019b   Thumb Code     0  libshutdown2.o(.ARM.Collect$$libshutdown$$0000000C)
    __rt_lib_shutdown_stdio_1                0x0000019b   Thumb Code     0  libshutdown2.o(.ARM.Collect$$libshutdown$$00000006)
    __rt_lib_shutdown_user_alloc_1           0x0000019b   Thumb Code     0  libshutdown2.o(.ARM.Collect$$libshutdown$$0000000E)
    __rt_entry                               0x0000019d   Thumb Code     0  __rtentry.o(.ARM.Collect$$rtentry$$00000000)
    __rt_entry_presh_1                       0x0000019d   Thumb Code     0  __rtentry2.o(.ARM.Collect$$rtentry$$00000002)
    __rt_entry_sh                            0x0000019d   Thumb Code     0  __rtentry4.o(.ARM.Collect$$rtentry$$00000004)
    __rt_entry_li                            0x000001a3   Thumb Code     0  __rtentry2.o(.ARM.Collect$$rtentry$$0000000A)
    __rt_entry_postsh_1                      0x000001a3   Thumb Code     0  __rtentry2.o(.ARM.Collect$$rtentry$$00000009)
    __rt_entry_main                          0x000001a7   Thumb Code     0  __rtentry2.o(.ARM.Collect$$rtentry$$0000000D)
    __rt_entry_postli_1                      0x000001a7   Thumb Code     0  __rtentry2.o(.ARM.Collect$$rtentry$$0000000C)
    __rt_exit                                0x000001af   Thumb Code     0  rtexit.o(.ARM.Collect$$rtexit$$00000000)
    __rt_exit_ls                             0x000001b1   Thumb Code     0  rtexit2.o(.ARM.Collect$$rtexit$$00000003)
    __rt_exit_prels_1                        0x000001b1   Thumb Code     0  rtexit2.o(.ARM.Collect$$rtexit$$00000002)
    __rt_exit_exit                           0x000001b5   Thumb Code     0  rtexit2.o(.ARM.Collect$$rtexit$$00000004)
    rand                                     0x000001bd   Thumb Code    48  rand.o(.emb_text)
    Reset_Handler                            0x000001f1   Thumb Code     4  startup_lpc17xx.o(.text)
    NMI_Handler                              0x000001f5   Thumb Code     2  startup_lpc17xx.o(.text)
    HardFault_Handler                        0x000001f7   Thumb Code     2  startup_lpc17xx.o(.text)
    MemManage_Handler                        0x000001f9   Thumb Code     2  startup_lpc17xx.o(.text)
    BusFault_Handler                         0x000001fb   Thumb Code     2  startup_lpc17xx.o(.text)
    UsageFault_Handler                       0x000001fd   Thumb Code     2  startup_lpc17xx.o(.text)
    SVC_Handler                              0x000001ff   Thumb Code     2  startup_lpc17xx.o(.text)
    DebugMon_Handler                         0x00000201   Thumb Code     2  startup_lpc17xx.o(.text)
    PendSV_Handler                           0x00000203   Thumb Code     2  startup_lpc17xx.o(.text)
    SysTick_Handler                          0x00000205   Thumb Code     2  startup_lpc17xx.o(.text)
    BOD_IRQHandler                           0x00000207   Thumb Code     0  startup_lpc17xx.o(.text)
    CANActivity_IRQHandler                   0x00000207   Thumb Code     0  startup_lpc17xx.o(.text)
    DMA_IRQHandler                           0x00000207   Thumb Code     0  startup_lpc17xx.o(.text)
    EINT3_IRQHandler                         0x00000207   Thumb Code     0  startup_lpc17xx.o(.text)
    ENET_IRQHandler                          0x00000207   Thumb Code     0  startup_lpc17xx.o(.text)
    I2C0_IRQHandler                          0x00000207   Thumb Code     0  startup_lpc17xx.o(.text)
    I2C1_IRQHandler                          0x00000207   Thumb Code     0  startup_lpc17xx.o(.text)
    I2C2_IRQHandler                          0x00000207   Thumb Code     0  startup_lpc17xx.o(.text)
    I2S_IRQHandler                           0x00000207   Thumb Code     0  startup_lpc17xx.o(.text)
    MCPWM_IRQHandler                         0x00000207   Thumb Code     0  startup_lpc17xx.o(.text)
    PLL0_IRQHandler                          0x00000207   Thumb Code     0  startup_lpc17xx.o(.text)
    PLL1_IRQHandler                          0x00000207   Thumb Code     0  startup_lpc17xx.o(.text)
    PWM1_IRQHandler                          0x00000207   Thumb Code     0  startup_lpc17xx.o(.text)
    QEI_IRQHandler                           0x00000207   Thumb Code     0  startup_lpc17xx.o(.text)
    RTC_IRQHandler                           0x00000207   Thumb Code     0  startup_lpc17xx.o(.text)
    SPI_IRQHandler                           0x00000207   Thumb Code     0  startup_lpc17xx.o(.text)
    SSP0_IRQHandler                          0x00000207   Thumb Code     0  startup_lpc17xx.o(.text)
    SSP1_IRQHandler                          0x00000207   Thumb Code     0  startup_lpc17xx.o(.text)
    UART0_IRQHandler                         0x00000207   Thumb Code     0  startup_lpc17xx.o(.text)
    UART1_IRQHandler                         0x00000207   Thumb Code     0  startup_lpc17xx.o(.text)
    UART2_IRQHandler                         0x00000207   Thumb Code     0  startup_lpc17xx.o(.text)
    UART3_IRQHandler                         0x00000207   Thumb Code     0  startup_lpc17xx.o(.text)
    USBActivity_IRQHandler                   0x00000207   Thumb Code     0  startup_lpc17xx.o(.text)
    USB_IRQHandler                           0x00000207   Thumb Code     0  startup_lpc17xx.o(.text)
    WDT_IRQHandler                           0x00000207   Thumb Code     0  startup_lpc17xx.o(.text)
    __user_initial_stackheap                 0x00000209   Thumb Code     0  startup_lpc17xx.o(.text)
    main                                     0x00000225   Thumb Code   130  sample.o(.text)
    GetASCIICode                             0x000002d1   Thumb Code    26  asciilib.o(.text)
    __use_two_region_memory                  0x000002f1   Thumb Code     2  heapauxi.o(.text)
    __rt_heap_escrow$2region                 0x000002f3   Thumb Code     2  heapauxi.o(.text)
    __rt_heap_expand$2region                 0x000002f5   Thumb Code     2  heapauxi.o(.text)
    __I$use$semihosting                      0x000002f7   Thumb Code     0  use_no_semi.o(.text)
    __use_no_semihosting_swi                 0x000002f7   Thumb Code     2  use_no_semi.o(.text)
    __I$use$fp                               0x000002f8   Number         0  usenofp.o(x$fpl$usenofp)
    __semihosting_library_function           0x000002f9   Thumb Code     0  indicate_semi.o(.text)
    SystemInit                               0x00000301   Thumb Code   526  system_lpc17xx.o(.text)
    LED_On                                   0x0000052d   Thumb Code    26  funct_led.o(.text)
    LED_Off                                  0x00000547   Thumb Code    26  funct_led.o(.text)
    LED_Out                                  0x00000561   Thumb Code    42  funct_led.o(.text)
    LED_init                                 0x00000599   Thumb Code    36  lib_led.o(.text)
    LED_deinit                               0x000005bd   Thumb Code    14  lib_led.o(.text)
    EINT0_IRQHandler                         0x000005f7   Thumb Code    42  irq_button.o(.text)
    EINT1_IRQHandler                         0x00000621   Thumb Code    42  irq_button.o(.text)
    EINT2_IRQHandler                         0x0000064b   Thumb Code    42  irq_button.o(.text)
    BUTTON_init                              0x000006d3   Thumb Code   124  lib_button.o(.text)
    TIMER0_IRQHandler                        0x00000787   Thumb Code    54  irq_timer.o(.text)
    TIMER1_IRQHandler                        0x000007bd   Thumb Code   400  irq_timer.o(.text)
    TIMER2_IRQHandler                        0x0000094d   Thumb Code   304  irq_timer.o(.text)
    TIMER3_IRQHandler                        0x00000a7d   Thumb Code     8  irq_timer.o(.text)
    enable_timer                             0x00000b37   Thumb Code    48  lib_timer.o(.text)
    disable_timer                            0x00000b67   Thumb Code    48  lib_timer.o(.text)
    reset_timer                              0x00000b97   Thumb Code    66  lib_timer.o(.text)
    init_timer                               0x00000bd9   Thumb Code   106  lib_timer.o(.text)
    RIT_IRQHandler                           0x00000c51   Thumb Code   676  irq_rit.o(.text)
    enable_RIT                               0x00000f65   Thumb Code    14  lib_rit.o(.text)
    disable_RIT                              0x00000f73   Thumb Code    14  lib_rit.o(.text)
    reset_RIT                                0x00000f81   Thumb Code     8  lib_rit.o(.text)
    init_RIT                                 0x00000f89   Thumb Code    98  lib_rit.o(.text)
    joystick_init                            0x00000ff9   Thumb Code   122  lib_joystick.o(.text)
    ADC_IRQHandler                           0x0000107d   Thumb Code   234  irq_adc.o(.text)
    LCD_Initialization                       0x00001767   Thumb Code 12014  glcd.o(.text)
    LCD_Clear                                0x00004655   Thumb Code  1520  glcd.o(.text)
    LCD_GetPoint                             0x00004c5f   Thumb Code   994  glcd.o(.text)
    LCD_SetPoint                             0x00005041   Thumb Code   206  glcd.o(.text)
    LCD_DrawLine                             0x0000510f   Thumb Code   250  glcd.o(.text)
    PutChar                                  0x00005209   Thumb Code   104  glcd.o(.text)
    LegacyPutChar                            0x00005271   Thumb Code   122  glcd.o(.text)
    GUI_ExtraText                            0x000052eb   Thumb Code   104  glcd.o(.text)
    GUI_Text                                 0x00005353   Thumb Code    36  glcd.o(.text)
    GUI_LegacyExtraText                      0x00005377   Thumb Code    98  glcd.o(.text)
    GUI_LegacyText                           0x000053d9   Thumb Code    36  glcd.o(.text)
    LCD_DrawBlock                            0x000053fd   Thumb Code   232  glcd.o(.text)
    LCD_DrawGhostBlock                       0x000054e5   Thumb Code    88  glcd.o(.text)
    LCD_DrawRectangle                        0x0000553d   Thumb Code   236  glcd.o(.text)
    LCD_DrawHollowRectangle                  0x00005629   Thumb Code   550  glcd.o(.text)
    load_selection_pixels                    0x0000584f   Thumb Code    66  glcd.o(.text)
    restore_selection_pixels                 0x00005891   Thumb Code   236  glcd.o(.text)
    InvertBrightness                         0x0000597d   Thumb Code     8  glcd.o(.text)
    smart_invert_selection_pixels            0x00005985   Thumb Code   346  glcd.o(.text)
    DarkenBrightness                         0x00005adf   Thumb Code    80  glcd.o(.text)
    smart_darken_selection_pixels            0x00005b2f   Thumb Code   344  glcd.o(.text)
    LCD_StreamFromFile                       0x00005c87   Thumb Code   240  glcd.o(.text)
    LPC17xx_SPI_SetSpeed                     0x00005d7d   Thumb Code    16  touchpanel.o(.text)
    TP_Init                                  0x00005e0d   Thumb Code    30  touchpanel.o(.text)
    Read_X                                   0x00005eab   Thumb Code    42  touchpanel.o(.text)
    Read_Y                                   0x00005ed5   Thumb Code    42  touchpanel.o(.text)
    TP_GetAdXY                               0x00005eff   Thumb Code    34  touchpanel.o(.text)
    TP_DrawPoint                             0x00005f21   Thumb Code    64  touchpanel.o(.text)
    DrawCross                                0x00005f61   Thumb Code   356  touchpanel.o(.text)
    Read_Ads7846                             0x000060c5   Thumb Code   518  touchpanel.o(.text)
    setCalibrationMatrix                     0x000062cb   Thumb Code   356  touchpanel.o(.text)
    getDisplayPoint                          0x0000642f   Thumb Code   238  touchpanel.o(.text)
    TouchPanel_Calibrate                     0x0000651d   Thumb Code   160  touchpanel.o(.text)
    init_playfield                           0x000065bd   Thumb Code    42  game.o(.text)
    init_player                              0x000065e7   Thumb Code   110  game.o(.text)
    init_all_players                         0x00006655   Thumb Code    22  game.o(.text)
    init_variables                           0x0000666b   Thumb Code    38  game.o(.text)
    cycle_next_target                        0x00006691   Thumb Code    68  game.o(.text)
    init_game_variables                      0x000066d5   Thumb Code   132  game.o(.text)
    init_archetypes                          0x00006759   Thumb Code   106  game.o(.text)
    init_piece                               0x000067c3   Thumb Code    48  game.o(.text)
    init_ghost                               0x000067f3   Thumb Code    30  game.o(.text)
    save_piece_old                           0x00006811   Thumb Code    14  game.o(.text)
    copy_piece                               0x0000681f   Thumb Code    30  game.o(.text)
    bag_piece                                0x0000683d   Thumb Code   120  game.o(.text)
    move_piece                               0x000068b5   Thumb Code   268  game.o(.text)
    rotate_piece                             0x000069c1   Thumb Code   316  game.o(.text)
    project_ghost                            0x00006afd   Thumb Code    34  game.o(.text)
    add_to_playfield                         0x00006b1f   Thumb Code    68  game.o(.text)
    check_playfield                          0x00006b63   Thumb Code    82  game.o(.text)
    clear_lines                              0x00006bb5   Thumb Code    76  game.o(.text)
    add_garbage_to_queue                     0x00006c01   Thumb Code    38  game.o(.text)
    apply_garbage_line                       0x00006c27   Thumb Code   118  game.o(.text)
    apply_garbage_queue                      0x00006c9d   Thumb Code    52  game.o(.text)
    decrease_fall_threshold                  0x00006cd1   Thumb Code    28  game.o(.text)
    check_cleared_total                      0x00006ced   Thumb Code    40  game.o(.text)
    check_game_over                          0x00006d15   Thumb Code    86  game.o(.text)
    increase_option_value                    0x00006d6b   Thumb Code    16  game.o(.text)
    decrease_option_value                    0x00006d7b   Thumb Code    26  game.o(.text)
    send_game_start_to_all                   0x00006d95   Thumb Code    42  game.o(.text)
    send_piece_to_all                        0x00006dbf   Thumb Code    76  game.o(.text)
    send_lines_to_target                     0x00006e0b   Thumb Code   146  game.o(.text)
    send_ko_to_all                           0x00006e9d   Thumb Code    48  game.o(.text)
    send_game_end_to_all                     0x00006ecd   Thumb Code    46  game.o(.text)
    game_logic                               0x00006efb   Thumb Code   570  game.o(.text)
    draw_piece                               0x00007175   Thumb Code   218  gamegfx.o(.text)
    draw_ghost_piece                         0x0000724f   Thumb Code   146  gamegfx.o(.text)
    draw_playfield                           0x000072e1   Thumb Code   142  gamegfx.o(.text)
    draw_playfield_frame                     0x0000736f   Thumb Code    28  gamegfx.o(.text)
    configure_mini_playfields                0x0000738b   Thumb Code   334  gamegfx.o(.text)
    draw_mini_playfield                      0x000074d9   Thumb Code   164  gamegfx.o(.text)
    draw_mini_playfield_frame                0x0000757d   Thumb Code   116  gamegfx.o(.text)
    draw_all_mini_playfields                 0x000075f1   Thumb Code    60  gamegfx.o(.text)
    ko_mini_playfield                        0x0000762d   Thumb Code    96  gamegfx.o(.text)
    draw_background_next                     0x0000768d   Thumb Code    90  gamegfx.o(.text)
    draw_bagged_next                         0x000076e7   Thumb Code    90  gamegfx.o(.text)
    patch_piece                              0x00007741   Thumb Code   368  gamegfx.o(.text)
    draw_option                              0x000078b1   Thumb Code   688  gamegfx.o(.text)
    draw_option_screen                       0x00007b61   Thumb Code    28  gamegfx.o(.text)
    reset_selection                          0x00007b7d   Thumb Code    10  gamegfx.o(.text)
    manage_option_input                      0x00007b87   Thumb Code   272  gamegfx.o(.text)
    draw_boot_image                          0x00007c97   Thumb Code    88  gamegfx.o(.text)
    console_refresh                          0x00007cef   Thumb Code   140  gamegfx.o(.text)
    console_push                             0x00007d7b   Thumb Code    54  gamegfx.o(.text)
    console_print                            0x00007db1   Thumb Code    16  gamegfx.o(.text)
    console_clear                            0x00007dc1   Thumb Code    14  gamegfx.o(.text)
    CAN_SetBaudrate                          0x00007df5   Thumb Code   142  can_lib.o(.text)
    CAN_Init                                 0x00007e83   Thumb Code   296  can_lib.o(.text)
    CAN_Send                                 0x00007fab   Thumb Code   438  can_lib.o(.text)
    CAN_Receive                              0x00008161   Thumb Code   118  can_lib.o(.text)
    CAN_HasReceivedMessage                   0x000081d7   Thumb Code    70  can_lib.o(.text)
    CAN_SimpleMirror                         0x0000821d   Thumb Code    24  can_lib.o(.text)
    CAN_IRQHandler                           0x0000823d   Thumb Code   666  irq_can.o(.text)
    SCANdestructure                          0x00008545   Thumb Code   102  s_can.o(.text)
    SCANstructure                            0x000085ab   Thumb Code    90  s_can.o(.text)
    SCANcreate                               0x00008605   Thumb Code    72  s_can.o(.text)
    SCANBufferFirstFree                      0x0000864d   Thumb Code    28  s_can.o(.text)
    SCANSearchFrameNumbers                   0x00008669   Thumb Code    26  s_can.o(.text)
    SCANMsgMgmt                              0x00008683   Thumb Code   352  s_can.o(.text)
    __2sprintf                               0x00008819   Thumb Code    34  noretval__2sprintf.o(.text)
    __printf                                 0x00008841   Thumb Code   104  __printf.o(.text)
    _printf_str                              0x000088a9   Thumb Code    82  _printf_str.o(.text)
    _printf_int_dec                          0x000088fd   Thumb Code   104  _printf_dec.o(.text)
    srand                                    0x00008975   Thumb Code    42  rand.o(.text)
    _rand_init                               0x0000899f   Thumb Code     4  rand.o(.text)
    strcpy                                   0x000089b1   Thumb Code    72  strcpy.o(.text)
    strlen                                   0x000089f9   Thumb Code    62  strlen.o(.text)
    __aeabi_memcpy                           0x00008a37   Thumb Code     0  rt_memcpy_v6.o(.text)
    __rt_memcpy                              0x00008a37   Thumb Code   138  rt_memcpy_v6.o(.text)
    _memcpy_lastbytes                        0x00008a9d   Thumb Code     0  rt_memcpy_v6.o(.text)
    __aeabi_memset                           0x00008ac1   Thumb Code    16  aeabi_memset.o(.text)
    __aeabi_memclr                           0x00008ad1   Thumb Code     0  rt_memclr.o(.text)
    __rt_memclr                              0x00008ad1   Thumb Code    68  rt_memclr.o(.text)
    _memset                                  0x00008ad5   Thumb Code     0  rt_memclr.o(.text)
    __aeabi_memclr4                          0x00008b15   Thumb Code     0  rt_memclr_w.o(.text)
    __aeabi_memclr8                          0x00008b15   Thumb Code     0  rt_memclr_w.o(.text)
    __rt_memclr_w                            0x00008b15   Thumb Code    78  rt_memclr_w.o(.text)
    _memset_w                                0x00008b19   Thumb Code     0  rt_memclr_w.o(.text)
    _printf_int_common                       0x00008b63   Thumb Code   178  _printf_intcommon.o(.text)
    _printf_char_common                      0x00008c1f   Thumb Code    32  _printf_char_common.o(.text)
    _sputc                                   0x00008c45   Thumb Code    10  _sputc.o(.text)
    _printf_cs_common                        0x00008c4f   Thumb Code    20  _printf_char.o(.text)
    _printf_char                             0x00008c63   Thumb Code    16  _printf_char.o(.text)
    _printf_string                           0x00008c73   Thumb Code     8  _printf_char.o(.text)
    __aeabi_memcpy4                          0x00008c7b   Thumb Code     0  rt_memcpy_w.o(.text)
    __aeabi_memcpy8                          0x00008c7b   Thumb Code     0  rt_memcpy_w.o(.text)
    __rt_memcpy_w                            0x00008c7b   Thumb Code   100  rt_memcpy_w.o(.text)
    _memcpy_lastbytes_aligned                0x00008cc3   Thumb Code     0  rt_memcpy_w.o(.text)
    __user_setup_stackheap                   0x00008cdf   Thumb Code    74  sys_stackheap_outer.o(.text)
    exit                                     0x00008d29   Thumb Code    18  exit.o(.text)
    __user_libspace                          0x00008d3d   Thumb Code     8  libspace.o(.text)
    __user_perproc_libspace                  0x00008d3d   Thumb Code     0  libspace.o(.text)
    __user_perthread_libspace                0x00008d3d   Thumb Code     0  libspace.o(.text)
    _sys_exit                                0x00008d45   Thumb Code     8  sys_exit.o(.text)
    __aeabi_dadd                             0x00008d51   Thumb Code     0  daddsub_clz.o(x$fpl$dadd)
    _dadd                                    0x00008d51   Thumb Code   332  daddsub_clz.o(x$fpl$dadd)
    __fpl_dcmp_Inf                           0x00008ea1   Thumb Code    24  dcmpi.o(x$fpl$dcmpinf)
    __aeabi_ddiv                             0x00008eb9   Thumb Code     0  ddiv.o(x$fpl$ddiv)
    _ddiv                                    0x00008eb9   Thumb Code   552  ddiv.o(x$fpl$ddiv)
    __aeabi_cdcmpeq                          0x00009169   Thumb Code     0  deqf.o(x$fpl$deqf)
    _dcmpeq                                  0x00009169   Thumb Code   120  deqf.o(x$fpl$deqf)
    __aeabi_d2uiz                            0x000091e1   Thumb Code     0  dfixu.o(x$fpl$dfixu)
    _dfixu                                   0x000091e1   Thumb Code    90  dfixu.o(x$fpl$dfixu)
    __aeabi_i2d                              0x0000923b   Thumb Code     0  dflt_clz.o(x$fpl$dflt)
    _dflt                                    0x0000923b   Thumb Code    46  dflt_clz.o(x$fpl$dflt)
    __aeabi_ui2d                             0x00009269   Thumb Code     0  dflt_clz.o(x$fpl$dfltu)
    _dfltu                                   0x00009269   Thumb Code    38  dflt_clz.o(x$fpl$dfltu)
    __aeabi_dmul                             0x00009291   Thumb Code     0  dmul.o(x$fpl$dmul)
    _dmul                                    0x00009291   Thumb Code   332  dmul.o(x$fpl$dmul)
    __fpl_dnaninf                            0x000093e5   Thumb Code   156  dnaninf.o(x$fpl$dnaninf)
    __fpl_dretinf                            0x00009481   Thumb Code    12  dretinf.o(x$fpl$dretinf)
    __aeabi_dsub                             0x0000948d   Thumb Code     0  daddsub_clz.o(x$fpl$dsub)
    _dsub                                    0x0000948d   Thumb Code   464  daddsub_clz.o(x$fpl$dsub)
    led_mask                                 0x00009660   Data          32  funct_led.o(.constdata)
    imageFileData                            0x00009cb0   Data       76954  bootimage.o(.constdata)
    Region$$Table$$Base                      0x0001c984   Number         0  anon$$obj.o(Region$$Table)
    Region$$Table$$Limit                     0x0001c9b4   Number         0  anon$$obj.o(Region$$Table)
    theSelection                             0x10000000   Data       15368  gamegfx.o(.bss)
    console                                  0x10003c08   Data         270  gamegfx.o(.bss)
    SystemFrequency                          0x2007c000   Data           4  system_lpc17xx.o(.data)
    led_value                                0x2007c004   Data           1  lib_led.o(.data)
    SinTable                                 0x2007c008   Data          90  irq_timer.o(.data)
    seq4beats                                0x2007c064   Data         120  irq_timer.o(.data)
    play                                     0x2007c0dc   Data           4  irq_timer.o(.data)
    blink_mask                               0x2007c0e0   Data           4  irq_timer.o(.data)
    down_INT0                                0x2007c0e4   Data           4  irq_timer.o(.data)
    down_KEY1                                0x2007c0e8   Data           4  irq_timer.o(.data)
    down_KEY2                                0x2007c0ec   Data           4  irq_timer.o(.data)
    retries                                  0x2007c0f0   Data           1  irq_timer.o(.data)
    maxRetries                               0x2007c0f1   Data           1  irq_timer.o(.data)
    time                                     0x2007c0f8   Data           4  irq_rit.o(.data)
    AD_current                               0x2007c0fc   Data           2  irq_adc.o(.data)
    AD_last                                  0x2007c0fe   Data           2  irq_adc.o(.data)
    check                                    0x2007c100   Data           4  irq_adc.o(.data)
    display                                  0x2007c106   Data           4  touchpanel.o(.data)
    DisplaySample                            0x2007c10a   Data          12  touchpanel.o(.data)
    gameStatus                               0x2007c11c   Data           1  game.o(.data)
    inputStatus                              0x2007c11d   Data           1  game.o(.data)
    fallCounter                              0x2007c11e   Data           1  game.o(.data)
    fallThreshold                            0x2007c11f   Data           1  game.o(.data)
    thresholdDecreaseAmt                     0x2007c120   Data           1  game.o(.data)
    minThreshold                             0x2007c121   Data           1  game.o(.data)
    hasBaggedPiece                           0x2007c122   Data           1  game.o(.data)
    canBag                                   0x2007c123   Data           1  game.o(.data)
    clearedLines                             0x2007c124   Data           1  game.o(.data)
    clearStreak                              0x2007c125   Data           1  game.o(.data)
    clearedTotal                             0x2007c126   Data           1  game.o(.data)
    clearsForSpeedup                         0x2007c127   Data           1  game.o(.data)
    nextX                                    0x2007c128   Data           1  game.o(.data)
    nextY                                    0x2007c129   Data           1  game.o(.data)
    baggedX                                  0x2007c12a   Data           1  game.o(.data)
    baggedY                                  0x2007c12b   Data           1  game.o(.data)
    ghostEnabled                             0x2007c12c   Data           1  game.o(.data)
    self                                     0x2007c130   Data           4  game.o(.data)
    nPlayers                                 0x2007c134   Data           1  game.o(.data)
    alivePlayers                             0x2007c135   Data           1  game.o(.data)
    winner                                   0x2007c136   Data           1  game.o(.data)
    pauseOptions                             0x2007c138   Data         128  game.o(.data)
    mainMenuOptions                          0x2007c1b8   Data         160  game.o(.data)
    shapeArray                               0x2007c258   Data         448  game.o(.data)
    archetypeArray                           0x2007c418   Data          28  game.o(.data)
    typeArray                                0x2007c434   Data           7  game.o(.data)
    blockShading                             0x2007c43c   Data         225  gamegfx.o(.data)
    ghostShading                             0x2007c51d   Data         225  gamegfx.o(.data)
    bgShading                                0x2007c5fe   Data        1125  gamegfx.o(.data)
    LBluePalette                             0x2007ca64   Data          10  gamegfx.o(.data)
    OrangePalette                            0x2007ca6e   Data          10  gamegfx.o(.data)
    BluePalette                              0x2007ca78   Data          10  gamegfx.o(.data)
    PurplePalette                            0x2007ca82   Data          10  gamegfx.o(.data)
    GreenPalette                             0x2007ca8c   Data          10  gamegfx.o(.data)
    RedPalette                               0x2007ca96   Data          10  gamegfx.o(.data)
    YellowPalette                            0x2007caa0   Data          10  gamegfx.o(.data)
    GreyPalette                              0x2007caaa   Data          10  gamegfx.o(.data)
    BlackPalette                             0x2007cab4   Data          10  gamegfx.o(.data)
    PaletteArray                             0x2007cac0   Data          36  gamegfx.o(.data)
    bgType                                   0x2007cae4   Data           1  gamegfx.o(.data)
    bgPalette                                0x2007cae5   Data           1  gamegfx.o(.data)
    garbagePalette                           0x2007cae6   Data           1  gamegfx.o(.data)
    frameThickness                           0x2007cae7   Data           1  gamegfx.o(.data)
    ValueCtrl                                0x2007cae8   Data           3  gamegfx.o(.data)
    SwatchCtrl                               0x2007caeb   Data           3  gamegfx.o(.data)
    BgSwatchCtrl                             0x2007caee   Data           3  gamegfx.o(.data)
    OnOffCtrl                                0x2007caf1   Data           3  gamegfx.o(.data)
    JustLabelCtrl                            0x2007caf4   Data           3  gamegfx.o(.data)
    ButtonCtrl                               0x2007caf7   Data           3  gamegfx.o(.data)
    pauseMenu                                0x2007cafc   Data          16  gamegfx.o(.data)
    mainMenu                                 0x2007cb0c   Data          16  gamegfx.o(.data)
    typeTranslate                            0x2007cb1c   Data           8  s_can.o(.data)
    typeToString                             0x2007cb24   Data          32  s_can.o(.data)
    boardInfo                                0x2007cb44   Data          26  sample.o(.bss)
    down_JOY                                 0x2007cb60   Data          20  irq_timer.o(.bss)
    data                                     0x2007cb74   Data          20  irq_timer.o(.bss)
    scanData                                 0x2007cb88   Data          12  irq_timer.o(.bss)
    matrix                                   0x2007cb98   Data          56  touchpanel.o(.bss)
    ScreenSample                             0x2007cbd0   Data          12  touchpanel.o(.bss)
    players                                  0x2007cbdc   Data        1736  game.o(.bss)
    currentPiece                             0x2007d2a4   Data          12  game.o(.bss)
    ghostPiece                               0x2007d2b0   Data          12  game.o(.bss)
    nextPiece                                0x2007d2bc   Data          12  game.o(.bss)
    baggedPiece                              0x2007d2c8   Data          12  game.o(.bss)
    pieceI                                   0x2007d2d4   Data          66  game.o(.bss)
    pieceL                                   0x2007d316   Data          66  game.o(.bss)
    pieceJ                                   0x2007d358   Data          66  game.o(.bss)
    pieceT                                   0x2007d39a   Data          66  game.o(.bss)
    pieceS                                   0x2007d3dc   Data          66  game.o(.bss)
    pieceZ                                   0x2007d41e   Data          66  game.o(.bss)
    pieceQ                                   0x2007d460   Data          66  game.o(.bss)
    _random_number_data                      0x2007d4a4   Data         228  rand.o(.bss)
    __libspace_start                         0x2007d588   Data          96  libspace.o(.bss)
    __temporary_stack_top$libspace           0x2007d5e8   Data           0  libspace.o(.bss)



==============================================================================

Memory Map of the image

  Image Entry point : 0x000000cd

  Load Region LR_IROM1 (Base: 0x00000000, Size: 0x0001d4f8, Max: 0x00080000, ABSOLUTE, COMPRESSED[0x0001cc6c])

    Execution Region ER_IROM1 (Exec base: 0x00000000, Load base: 0x00000000, Size: 0x0001c9b4, Max: 0x00080000, ABSOLUTE)

    Exec Addr    Load Addr    Size         Type   Attr      Idx    E Section Name        Object

    0x00000000   0x00000000   0x000000cc   Data   RO            3    RESET               startup_lpc17xx.o
    0x000000cc   0x000000cc   0x00000008   Code   RO         1080  * !!!main             c_w.l(__main.o)
    0x000000d4   0x000000d4   0x00000034   Code   RO         1285    !!!scatter          c_w.l(__scatter.o)
    0x00000108   0x00000108   0x0000005a   Code   RO         1283    !!dczerorl2         c_w.l(__dczerorl2.o)
    0x00000162   0x00000162   0x00000002   PAD
    0x00000164   0x00000164   0x0000001c   Code   RO         1287    !!handler_zi        c_w.l(__scatter_zi.o)
    0x00000180   0x00000180   0x00000000   Code   RO         1060    .ARM.Collect$$_printf_percent$$00000000  c_w.l(_printf_percent.o)
    0x00000180   0x00000180   0x00000006   Code   RO         1059    .ARM.Collect$$_printf_percent$$00000009  c_w.l(_printf_d.o)
    0x00000186   0x00000186   0x00000006   Code   RO         1058    .ARM.Collect$$_printf_percent$$00000014  c_w.l(_printf_s.o)
    0x0000018c   0x0000018c   0x00000004   Code   RO         1115    .ARM.Collect$$_printf_percent$$00000017  c_w.l(_printf_percent_end.o)
    0x00000190   0x00000190   0x00000002   Code   RO         1204    .ARM.Collect$$libinit$$00000000  c_w.l(libinit.o)
    0x00000192   0x00000192   0x00000000   Code   RO         1119    .ARM.Collect$$libinit$$00000002  c_w.l(libinit2.o)
    0x00000192   0x00000192   0x00000000   Code   RO         1121    .ARM.Collect$$libinit$$00000004  c_w.l(libinit2.o)
    0x00000192   0x00000192   0x00000000   Code   RO         1124    .ARM.Collect$$libinit$$0000000A  c_w.l(libinit2.o)
    0x00000192   0x00000192   0x00000000   Code   RO         1126    .ARM.Collect$$libinit$$0000000C  c_w.l(libinit2.o)
    0x00000192   0x00000192   0x00000004   Code   RO         1127    .ARM.Collect$$libinit$$0000000D  c_w.l(libinit2.o)
    0x00000196   0x00000196   0x00000000   Code   RO         1128    .ARM.Collect$$libinit$$0000000E  c_w.l(libinit2.o)
    0x00000196   0x00000196   0x00000000   Code   RO         1131    .ARM.Collect$$libinit$$00000011  c_w.l(libinit2.o)
    0x00000196   0x00000196   0x00000000   Code   RO         1133    .ARM.Collect$$libinit$$00000013  c_w.l(libinit2.o)
    0x00000196   0x00000196   0x00000000   Code   RO         1135    .ARM.Collect$$libinit$$00000015  c_w.l(libinit2.o)
    0x00000196   0x00000196   0x00000000   Code   RO         1137    .ARM.Collect$$libinit$$00000017  c_w.l(libinit2.o)
    0x00000196   0x00000196   0x00000000   Code   RO         1139    .ARM.Collect$$libinit$$00000019  c_w.l(libinit2.o)
    0x00000196   0x00000196   0x00000000   Code   RO         1141    .ARM.Collect$$libinit$$0000001B  c_w.l(libinit2.o)
    0x00000196   0x00000196   0x00000000   Code   RO         1143    .ARM.Collect$$libinit$$0000001D  c_w.l(libinit2.o)
    0x00000196   0x00000196   0x00000000   Code   RO         1145    .ARM.Collect$$libinit$$0000001F  c_w.l(libinit2.o)
    0x00000196   0x00000196   0x00000000   Code   RO         1147    .ARM.Collect$$libinit$$00000021  c_w.l(libinit2.o)
    0x00000196   0x00000196   0x00000000   Code   RO         1149    .ARM.Collect$$libinit$$00000023  c_w.l(libinit2.o)
    0x00000196   0x00000196   0x00000000   Code   RO         1151    .ARM.Collect$$libinit$$00000025  c_w.l(libinit2.o)
    0x00000196   0x00000196   0x00000000   Code   RO         1155    .ARM.Collect$$libinit$$0000002C  c_w.l(libinit2.o)
    0x00000196   0x00000196   0x00000000   Code   RO         1157    .ARM.Collect$$libinit$$0000002E  c_w.l(libinit2.o)
    0x00000196   0x00000196   0x00000000   Code   RO         1159    .ARM.Collect$$libinit$$00000030  c_w.l(libinit2.o)
    0x00000196   0x00000196   0x00000000   Code   RO         1161    .ARM.Collect$$libinit$$00000032  c_w.l(libinit2.o)
    0x00000196   0x00000196   0x00000002   Code   RO         1162    .ARM.Collect$$libinit$$00000033  c_w.l(libinit2.o)
    0x00000198   0x00000198   0x00000002   Code   RO         1242    .ARM.Collect$$libshutdown$$00000000  c_w.l(libshutdown.o)
    0x0000019a   0x0000019a   0x00000000   Code   RO         1248    .ARM.Collect$$libshutdown$$00000002  c_w.l(libshutdown2.o)
    0x0000019a   0x0000019a   0x00000000   Code   RO         1250    .ARM.Collect$$libshutdown$$00000004  c_w.l(libshutdown2.o)
    0x0000019a   0x0000019a   0x00000000   Code   RO         1252    .ARM.Collect$$libshutdown$$00000006  c_w.l(libshutdown2.o)
    0x0000019a   0x0000019a   0x00000000   Code   RO         1255    .ARM.Collect$$libshutdown$$00000009  c_w.l(libshutdown2.o)
    0x0000019a   0x0000019a   0x00000000   Code   RO         1258    .ARM.Collect$$libshutdown$$0000000C  c_w.l(libshutdown2.o)
    0x0000019a   0x0000019a   0x00000000   Code   RO         1260    .ARM.Collect$$libshutdown$$0000000E  c_w.l(libshutdown2.o)
    0x0000019a   0x0000019a   0x00000000   Code   RO         1263    .ARM.Collect$$libshutdown$$00000011  c_w.l(libshutdown2.o)
    0x0000019a   0x0000019a   0x00000002   Code   RO         1264    .ARM.Collect$$libshutdown$$00000012  c_w.l(libshutdown2.o)
    0x0000019c   0x0000019c   0x00000000   Code   RO         1106    .ARM.Collect$$rtentry$$00000000  c_w.l(__rtentry.o)
    0x0000019c   0x0000019c   0x00000000   Code   RO         1171    .ARM.Collect$$rtentry$$00000002  c_w.l(__rtentry2.o)
    0x0000019c   0x0000019c   0x00000006   Code   RO         1183    .ARM.Collect$$rtentry$$00000004  c_w.l(__rtentry4.o)
    0x000001a2   0x000001a2   0x00000000   Code   RO         1173    .ARM.Collect$$rtentry$$00000009  c_w.l(__rtentry2.o)
    0x000001a2   0x000001a2   0x00000004   Code   RO         1174    .ARM.Collect$$rtentry$$0000000A  c_w.l(__rtentry2.o)
    0x000001a6   0x000001a6   0x00000000   Code   RO         1176    .ARM.Collect$$rtentry$$0000000C  c_w.l(__rtentry2.o)
    0x000001a6   0x000001a6   0x00000008   Code   RO         1177    .ARM.Collect$$rtentry$$0000000D  c_w.l(__rtentry2.o)
    0x000001ae   0x000001ae   0x00000002   Code   RO         1210    .ARM.Collect$$rtexit$$00000000  c_w.l(rtexit.o)
    0x000001b0   0x000001b0   0x00000000   Code   RO         1222    .ARM.Collect$$rtexit$$00000002  c_w.l(rtexit2.o)
    0x000001b0   0x000001b0   0x00000004   Code   RO         1223    .ARM.Collect$$rtexit$$00000003  c_w.l(rtexit2.o)
    0x000001b4   0x000001b4   0x00000006   Code   RO         1224    .ARM.Collect$$rtexit$$00000004  c_w.l(rtexit2.o)
    0x000001ba   0x000001ba   0x00000002   PAD
    0x000001bc   0x000001bc   0x00000034   Code   RO         1061    .emb_text           c_w.l(rand.o)
    0x000001f0   0x000001f0   0x00000034   Code   RO            5    .text               startup_lpc17xx.o
    0x00000224   0x00000224   0x000000ac   Code   RO           16    .text               sample.o
    0x000002d0   0x000002d0   0x00000020   Code   RO          657    .text               asciilib.o
    0x000002f0   0x000002f0   0x00000006   Code   RO         1078    .text               c_w.l(heapauxi.o)
    0x000002f6   0x000002f6   0x00000002   Code   RO         1218    .text               c_w.l(use_no_semi.o)
    0x000002f8   0x000002f8   0x00000000   Code   RO         1220    .text               c_w.l(indicate_semi.o)
    0x000002f8   0x000002f8   0x00000000   Code   RO         1169    x$fpl$usenofp       fz_ws.l(usenofp.o)
    0x000002f8   0x000002f8   0x00000004   PAD
    0x000002fc   0x000002fc   0x00000004   Code   RO            4    .ARM.__at_0x02FC    startup_lpc17xx.o
    0x00000300   0x00000300   0x0000022c   Code   RO          146    .text               system_lpc17xx.o
    0x0000052c   0x0000052c   0x0000006c   Code   RO          180    .text               funct_led.o
    0x00000598   0x00000598   0x00000040   Code   RO          215    .text               lib_led.o
    0x000005d8   0x000005d8   0x000000b8   Code   RO          242    .text               irq_button.o
    0x00000690   0x00000690   0x000000d4   Code   RO          306    .text               lib_button.o
    0x00000764   0x00000764   0x000003b0   Code   RO          334    .text               irq_timer.o
    0x00000b14   0x00000b14   0x0000013c   Code   RO          396    .text               lib_timer.o
    0x00000c50   0x00000c50   0x00000314   Code   RO          420    .text               irq_rit.o
    0x00000f64   0x00000f64   0x00000094   Code   RO          505    .text               lib_rit.o
    0x00000ff8   0x00000ff8   0x00000084   Code   RO          557    .text               lib_joystick.o
    0x0000107c   0x0000107c   0x00000160   Code   RO          581    .text               irq_adc.o
    0x000011dc   0x000011dc   0x00004ba0   Code   RO          677    .text               glcd.o
    0x00005d7c   0x00005d7c   0x00000840   Code   RO          742    .text               touchpanel.o
    0x000065bc   0x000065bc   0x00000bb8   Code   RO          795    .text               game.o
    0x00007174   0x00007174   0x00000c80   Code   RO          856    .text               gamegfx.o
    0x00007df4   0x00007df4   0x00000448   Code   RO          907    .text               can_lib.o
    0x0000823c   0x0000823c   0x00000308   Code   RO          939    .text               irq_can.o
    0x00008544   0x00008544   0x000002d4   Code   RO         1000    .text               s_can.o
    0x00008818   0x00008818   0x00000028   Code   RO         1030    .text               c_w.l(noretval__2sprintf.o)
    0x00008840   0x00008840   0x00000068   Code   RO         1032    .text               c_w.l(__printf.o)
    0x000088a8   0x000088a8   0x00000052   Code   RO         1034    .text               c_w.l(_printf_str.o)
    0x000088fa   0x000088fa   0x00000002   PAD
    0x000088fc   0x000088fc   0x00000078   Code   RO         1036    .text               c_w.l(_printf_dec.o)
    0x00008974   0x00008974   0x0000003c   Code   RO         1062    .text               c_w.l(rand.o)
    0x000089b0   0x000089b0   0x00000048   Code   RO         1066    .text               c_w.l(strcpy.o)
    0x000089f8   0x000089f8   0x0000003e   Code   RO         1068    .text               c_w.l(strlen.o)
    0x00008a36   0x00008a36   0x0000008a   Code   RO         1070    .text               c_w.l(rt_memcpy_v6.o)
    0x00008ac0   0x00008ac0   0x00000010   Code   RO         1072    .text               c_w.l(aeabi_memset.o)
    0x00008ad0   0x00008ad0   0x00000044   Code   RO         1074    .text               c_w.l(rt_memclr.o)
    0x00008b14   0x00008b14   0x0000004e   Code   RO         1076    .text               c_w.l(rt_memclr_w.o)
    0x00008b62   0x00008b62   0x000000b2   Code   RO         1107    .text               c_w.l(_printf_intcommon.o)
    0x00008c14   0x00008c14   0x00000030   Code   RO         1109    .text               c_w.l(_printf_char_common.o)
    0x00008c44   0x00008c44   0x0000000a   Code   RO         1111    .text               c_w.l(_sputc.o)
    0x00008c4e   0x00008c4e   0x0000002c   Code   RO         1113    .text               c_w.l(_printf_char.o)
    0x00008c7a   0x00008c7a   0x00000064   Code   RO         1116    .text               c_w.l(rt_memcpy_w.o)
    0x00008cde   0x00008cde   0x0000004a   Code   RO         1191    .text               c_w.l(sys_stackheap_outer.o)
    0x00008d28   0x00008d28   0x00000012   Code   RO         1193    .text               c_w.l(exit.o)
    0x00008d3a   0x00008d3a   0x00000002   PAD
    0x00008d3c   0x00008d3c   0x00000008   Code   RO         1207    .text               c_w.l(libspace.o)
    0x00008d44   0x00008d44   0x0000000c   Code   RO         1234    .text               c_w.l(sys_exit.o)
    0x00008d50   0x00008d50   0x00000150   Code   RO         1082    x$fpl$dadd          fz_ws.l(daddsub_clz.o)
    0x00008ea0   0x00008ea0   0x00000018   Code   RO         1163    x$fpl$dcmpinf       fz_ws.l(dcmpi.o)
    0x00008eb8   0x00008eb8   0x000002b0   Code   RO         1089    x$fpl$ddiv          fz_ws.l(ddiv.o)
    0x00009168   0x00009168   0x00000078   Code   RO         1092    x$fpl$deqf          fz_ws.l(deqf.o)
    0x000091e0   0x000091e0   0x0000005a   Code   RO         1094    x$fpl$dfixu         fz_ws.l(dfixu.o)
    0x0000923a   0x0000923a   0x0000002e   Code   RO         1099    x$fpl$dflt          fz_ws.l(dflt_clz.o)
    0x00009268   0x00009268   0x00000026   Code   RO         1098    x$fpl$dfltu         fz_ws.l(dflt_clz.o)
    0x0000928e   0x0000928e   0x00000002   PAD
    0x00009290   0x00009290   0x00000154   Code   RO         1104    x$fpl$dmul          fz_ws.l(dmul.o)
    0x000093e4   0x000093e4   0x0000009c   Code   RO         1165    x$fpl$dnaninf       fz_ws.l(dnaninf.o)
    0x00009480   0x00009480   0x0000000c   Code   RO         1167    x$fpl$dretinf       fz_ws.l(dretinf.o)
    0x0000948c   0x0000948c   0x000001d4   Code   RO         1084    x$fpl$dsub          fz_ws.l(daddsub_clz.o)
    0x00009660   0x00009660   0x00000020   Data   RO          181    .constdata          funct_led.o
    0x00009680   0x00009680   0x00000630   Data   RO          658    .constdata          asciilib.o
    0x00009cb0   0x00009cb0   0x00012c9a   Data   RO          889    .constdata          bootimage.o
    0x0001c94a   0x0001c94a   0x00000002   PAD
    0x0001c94c   0x0001c94c   0x00000036   Data   RO         1001    .conststring        s_can.o
    0x0001c982   0x0001c982   0x00000002   PAD
    0x0001c984   0x0001c984   0x00000030   Data   RO         1281    Region$$Table       anon$$obj.o


    Execution Region RW_IRAM1 (Exec base: 0x10000000, Load base: 0x0001c9b4, Size: 0x00003d18, Max: 0x00008000, ABSOLUTE)

    Exec Addr    Load Addr    Size         Type   Attr      Idx    E Section Name        Object

    0x10000000        -       0x00003d16   Zero   RW          857    .bss                gamegfx.o


    Execution Region RW_IRAM2 (Exec base: 0x2007c000, Load base: 0x0001c9b4, Size: 0x000017e8, Max: 0x00008000, ABSOLUTE, COMPRESSED[0x000002b8])

    Exec Addr    Load Addr    Size         Type   Attr      Idx    E Section Name        Object

    0x2007c000   COMPRESSED   0x00000004   Data   RW          147    .data               system_lpc17xx.o
    0x2007c004   COMPRESSED   0x00000001   Data   RW          216    .data               lib_led.o
    0x2007c005   COMPRESSED   0x00000003   PAD
    0x2007c008   COMPRESSED   0x000000f0   Data   RW          337    .data               irq_timer.o
    0x2007c0f8   COMPRESSED   0x00000004   Data   RW          421    .data               irq_rit.o
    0x2007c0fc   COMPRESSED   0x00000008   Data   RW          582    .data               irq_adc.o
    0x2007c104   COMPRESSED   0x00000001   Data   RW          678    .data               glcd.o
    0x2007c105   COMPRESSED   0x00000001   PAD
    0x2007c106   COMPRESSED   0x00000014   Data   RW          744    .data               touchpanel.o
    0x2007c11a   COMPRESSED   0x00000002   PAD
    0x2007c11c   COMPRESSED   0x0000031f   Data   RW          797    .data               game.o
    0x2007c43b   COMPRESSED   0x00000001   PAD
    0x2007c43c   COMPRESSED   0x000006e0   Data   RW          858    .data               gamegfx.o
    0x2007cb1c   COMPRESSED   0x00000028   Data   RW         1002    .data               s_can.o
    0x2007cb44        -       0x0000001a   Zero   RW           17    .bss                sample.o
    0x2007cb5e   COMPRESSED   0x00000002   PAD
    0x2007cb60        -       0x00000034   Zero   RW          335    .bss                irq_timer.o
    0x2007cb94   COMPRESSED   0x00000004   PAD
    0x2007cb98        -       0x00000044   Zero   RW          743    .bss                touchpanel.o
    0x2007cbdc        -       0x000008c6   Zero   RW          796    .bss                game.o
    0x2007d4a2   COMPRESSED   0x00000002   PAD
    0x2007d4a4        -       0x000000e4   Zero   RW         1063    .bss                c_w.l(rand.o)
    0x2007d588        -       0x00000060   Zero   RW         1208    .bss                c_w.l(libspace.o)
    0x2007d5e8        -       0x00000000   Zero   RW            2    HEAP                startup_lpc17xx.o
    0x2007d5e8        -       0x00000200   Zero   RW            1    STACK               startup_lpc17xx.o


==============================================================================

Image component sizes


      Code (inc. data)   RO Data    RW Data    ZI Data      Debug   Object Name

        32          6       1584          0          0        995   asciilib.o
         0          0      76954          0          0        532   bootimage.o
      1096         50          0          0          0      30177   can_lib.o
       108         14         32          0          0      18384   funct_led.o
      3000        230          0        799       2246      14792   game.o
      3200        180          0       1760      15638      12936   gamegfx.o
     19360        124          0          1          0      54874   glcd.o
       352        118          0          8          0        804   irq_adc.o
       184         28          0          0          0        957   irq_button.o
       776        116          0          0          0       5387   irq_can.o
       788        126          0          4          0       1108   irq_rit.o
       944        150          0        240         52       4553   irq_timer.o
       212         22          0          0          0        914   lib_button.o
       132         10          0          0          0        456   lib_joystick.o
        64         14          0          1          0        710   lib_led.o
       148         14          0          0          0      27335   lib_rit.o
       316         14          0          0          0       1548   lib_timer.o
       724         60         54         40          0       2995   s_can.o
       172         42          0          0         26       6219   sample.o
        56         22        204          0        512        988   startup_lpc17xx.o
       556         30          0          4          0        795   system_lpc17xx.o
      2112         68          0         20         68       5874   touchpanel.o

    ----------------------------------------------------------------------
     34332       1438      78880       2884      18552     193333   Object Totals
         0          0         48          0          0          0   (incl. Generated)
         0          0          4          7         10          0   (incl. Padding)

    ----------------------------------------------------------------------

      Code (inc. data)   RO Data    RW Data    ZI Data      Debug   Library Member Name

        90          0          0          0          0          0   __dczerorl2.o
         8          0          0          0          0         68   __main.o
       104          0          0          0          0         84   __printf.o
         0          0          0          0          0          0   __rtentry.o
        12          0          0          0          0          0   __rtentry2.o
         6          0          0          0          0          0   __rtentry4.o
        52          8          0          0          0          0   __scatter.o
        28          0          0          0          0          0   __scatter_zi.o
        44          0          0          0          0        108   _printf_char.o
        48          6          0          0          0         96   _printf_char_common.o
         6          0          0          0          0          0   _printf_d.o
       120         16          0          0          0         92   _printf_dec.o
       178          0          0          0          0         88   _printf_intcommon.o
         0          0          0          0          0          0   _printf_percent.o
         4          0          0          0          0          0   _printf_percent_end.o
         6          0          0          0          0          0   _printf_s.o
        82          0          0          0          0         80   _printf_str.o
        10          0          0          0          0         68   _sputc.o
        16          0          0          0          0         68   aeabi_memset.o
        18          0          0          0          0         80   exit.o
         6          0          0          0          0        152   heapauxi.o
         0          0          0          0          0          0   indicate_semi.o
         2          0          0          0          0          0   libinit.o
         6          0          0          0          0          0   libinit2.o
         2          0          0          0          0          0   libshutdown.o
         2          0          0          0          0          0   libshutdown2.o
         8          4          0          0         96         68   libspace.o
        40          6          0          0          0         84   noretval__2sprintf.o
       112         18          0          0        228        160   rand.o
        68          0          0          0          0         68   rt_memclr.o
        78          0          0          0          0         80   rt_memclr_w.o
       138          0          0          0          0         68   rt_memcpy_v6.o
       100          0          0          0          0         80   rt_memcpy_w.o
         2          0          0          0          0          0   rtexit.o
        10          0          0          0          0          0   rtexit2.o
        72          0          0          0          0         80   strcpy.o
        62          0          0          0          0         76   strlen.o
        12          4          0          0          0         68   sys_exit.o
        74          0          0          0          0         80   sys_stackheap_outer.o
         2          0          0          0          0         68   use_no_semi.o
       804         16          0          0          0        272   daddsub_clz.o
        24          0          0          0          0         68   dcmpi.o
       688        140          0          0          0        208   ddiv.o
       120          4          0          0          0         92   deqf.o
        90          4          0          0          0         92   dfixu.o
        84          0          0          0          0        136   dflt_clz.o
       340         12          0          0          0        104   dmul.o
       156          4          0          0          0         92   dnaninf.o
        12          0          0          0          0         68   dretinf.o
         0          0          0          0          0          0   usenofp.o

    ----------------------------------------------------------------------
      3960        242          0          0        324       3096   Library Totals
        14          0          0          0          0          0   (incl. Padding)

    ----------------------------------------------------------------------

      Code (inc. data)   RO Data    RW Data    ZI Data      Debug   Library Name

      1628         62          0          0        324       1964   c_w.l
      2318        180          0          0          0       1132   fz_ws.l

    ----------------------------------------------------------------------
      3960        242          0          0        324       3096   Library Totals

    ----------------------------------------------------------------------

==============================================================================


      Code (inc. data)   RO Data    RW Data    ZI Data      Debug   

     38292       1680      78880       2884      18876     193305   Grand Totals
     38292       1680      78880        696      18876     193305   ELF Image Totals (compressed)
     38292       1680      78880        696          0          0   ROM Totals

==============================================================================

    Total RO  Size (Code + RO Data)               117172 ( 114.43kB)
    Total RW  Size (RW Data + ZI Data)             21760 (  21.25kB)
    Total ROM Size (Code + RO Data + RW Data)     117868 ( 115.11kB)

==============================================================================

