Component: ARM Compiler 5.06 update 7 (build 960) Tool: armlink [4d3601]

==============================================================================

Section Cross References

    startup_lpc17xx.o(STACK) refers (Special) to heapauxi.o(.text) for __use_two_region_memory
    startup_lpc17xx.o(HEAP) refers (Special) to heapauxi.o(.text) for __use_two_region_memory
    startup_lpc17xx.o(RESET) refers (Special) to heapauxi.o(.text) for __use_two_region_memory
    startup_lpc17xx.o(RESET) refers to startup_lpc17xx.o(STACK) for __initial_sp
    startup_lpc17xx.o(RESET) refers to startup_lpc17xx.o(.text) for Reset_Handler
    startup_lpc17xx.o(RESET) refers to irq_timer.o(.text) for TIMER0_IRQHandler
    startup_lpc17xx.o(RESET) refers to irq_button.o(.text) for EINT0_IRQHandler
    startup_lpc17xx.o(RESET) refers to irq_can.o(.text) for CAN_IRQHandler
    startup_lpc17xx.o(RESET) refers to irq_rit.o(.text) for RIT_IRQHandler
    startup_lpc17xx.o(.ARM.__at_0x02FC) refers (Special) to heapauxi.o(.text) for __use_two_region_memory
    startup_lpc17xx.o(.text) refers (Special) to heapauxi.o(.text) for __use_two_region_memory
    startup_lpc17xx.o(.text) refers to __main.o(!!!main) for __main
    startup_lpc17xx.o(.text) refers to startup_lpc17xx.o(HEAP) for Heap_Mem
    startup_lpc17xx.o(.text) refers to startup_lpc17xx.o(STACK) for Stack_Mem
    sample.o(.text) refers to system_lpc17xx.o(.text) for SystemInit
    sample.o(.text) refers to lib_led.o(.text) for LED_init
    sample.o(.text) refers to lib_button.o(.text) for BUTTON_init
    sample.o(.text) refers to lib_joystick.o(.text) for joystick_init
    sample.o(.text) refers to lib_rit.o(.text) for init_RIT
    sample.o(.text) refers to lib_timer.o(.text) for init_timer
    sample.o(.text) refers to can_lib.o(.text) for CAN_Init
    sample.o(.text) refers to glcd.o(.text) for LCD_Initialization
    sample.o(.text) refers to gamegfx.o(.text) for draw_boot_image
    sample.o(.text) refers to sample.o(.bss) for boardInfo
    sample.o(.text) refers to game.o(.data) for gameStatus
    system_lpc17xx.o(.text) refers to system_lpc17xx.o(.data) for SystemFrequency
    funct_led.o(.text) refers to funct_led.o(.constdata) for led_mask
    funct_led.o(.text) refers to lib_led.o(.data) for led_value
    lib_led.o(.text) refers to lib_led.o(.data) for led_value
    irq_button.o(.text) refers to irq_timer.o(.data) for down_INT0
    irq_timer.o(.text) refers to _printf_percent.o(.ARM.Collect$$_printf_percent$$00000000) for _printf_percent
    irq_timer.o(.text) refers to _printf_d.o(.ARM.Collect$$_printf_percent$$00000009) for _printf_d
    irq_timer.o(.text) refers to _printf_dec.o(.text) for _printf_int_dec
    irq_timer.o(.text) refers to music.o(.text) for generate_sound
    irq_timer.o(.text) refers to s_can.o(.text) for SCANcreate
    irq_timer.o(.text) refers to can_lib.o(.text) for CAN_Send
    irq_timer.o(.text) refers to gamegfx.o(.text) for console_print
    irq_timer.o(.text) refers to lib_timer.o(.text) for reset_timer
    irq_timer.o(.text) refers to noretval__2sprintf.o(.text) for __2sprintf
    irq_timer.o(.text) refers to irq_timer.o(.data) for t0
    irq_timer.o(.text) refers to game.o(.data) for inputStatus
    irq_timer.o(.text) refers to irq_timer.o(.bss) for down_JOY
    irq_timer.o(.text) refers to sample.o(.bss) for boardInfo
    irq_rit.o(.text) refers to rand.o(.text) for srand
    irq_rit.o(.text) refers to game.o(.text) for init_variables
    irq_rit.o(.text) refers to music.o(.text) for start_song
    irq_rit.o(.text) refers to gamegfx.o(.text) for reset_selection
    irq_rit.o(.text) refers to glcd.o(.text) for LCD_Clear
    irq_rit.o(.text) refers to lib_timer.o(.text) for enable_timer
    irq_rit.o(.text) refers to game.o(.data) for gameStatus
    irq_rit.o(.text) refers to irq_rit.o(.data) for time
    irq_rit.o(.text) refers to gamegfx.o(.data) for mainMenu
    irq_rit.o(.text) refers to game.o(.bss) for currentPiece
    irq_rit.o(.text) refers to music.o(.data) for musicTheme
    irq_rit.o(.text) refers to sample.o(.bss) for boardInfo
    funct_joystick.o(.text) refers to funct_led.o(.text) for LED_Out
    asciilib.o(.text) refers to rt_memcpy_v6.o(.text) for __aeabi_memcpy
    asciilib.o(.text) refers to asciilib.o(.constdata) for AsciiLib
    glcd.o(.text) refers to glcd.o(.data) for LCD_Code
    glcd.o(.text) refers to asciilib.o(.text) for GetASCIICode
    glcd.o(.text) refers to game.o(.data) for ghostEnabled
    hzlib.o(.text) refers to rt_memcpy_v6.o(.text) for __aeabi_memcpy
    hzlib.o(.text) refers to hzlib.o(.constdata) for HzLib
    game.o(.text) refers to _printf_percent.o(.ARM.Collect$$_printf_percent$$00000000) for _printf_percent
    game.o(.text) refers to _printf_d.o(.ARM.Collect$$_printf_percent$$00000009) for _printf_d
    game.o(.text) refers to _printf_dec.o(.text) for _printf_int_dec
    game.o(.text) refers to noretval__2sprintf.o(.text) for __2sprintf
    game.o(.text) refers to strcpy.o(.text) for strcpy
[...]
    defsig_segv_inner.o(.text) refers to defsig_general.o(.text) for __default_signal_display
    defsig_other.o(.text) refers to defsig_general.o(.text) for __default_signal_display


==============================================================================

Removing Unused input sections from the image.

    Removing sample.o(.rev16_text), (4 bytes).
    Removing sample.o(.revsh_text), (4 bytes).
    Removing sample.o(.rrx_text), (6 bytes).
    Removing core_cm3.o(.emb_text), (32 bytes).
    Removing system_lpc17xx.o(.rev16_text), (4 bytes).
    Removing system_lpc17xx.o(.revsh_text), (4 bytes).
    Removing system_lpc17xx.o(.rrx_text), (6 bytes).
    Removing funct_led.o(.rev16_text), (4 bytes).
    Removing funct_led.o(.revsh_text), (4 bytes).
    Removing funct_led.o(.rrx_text), (6 bytes).
    Removing funct_led.o(.text), (108 bytes).
    Removing funct_led.o(.constdata), (32 bytes).
    Removing lib_led.o(.rev16_text), (4 bytes).
    Removing lib_led.o(.revsh_text), (4 bytes).
    Removing lib_led.o(.rrx_text), (6 bytes).
    Removing irq_button.o(.rev16_text), (4 bytes).
    Removing irq_button.o(.revsh_text), (4 bytes).
    Removing irq_button.o(.rrx_text), (6 bytes).
    Removing lib_button.o(.rev16_text), (4 bytes).
    Removing lib_button.o(.revsh_text), (4 bytes).
    Removing lib_button.o(.rrx_text), (6 bytes).
    Removing irq_timer.o(.rev16_text), (4 bytes).
    Removing irq_timer.o(.revsh_text), (4 bytes).
    Removing irq_timer.o(.rrx_text), (6 bytes).
    Removing lib_timer.o(.rev16_text), (4 bytes).
    Removing lib_timer.o(.revsh_text), (4 bytes).
    Removing lib_timer.o(.rrx_text), (6 bytes).
    Removing irq_rit.o(.rev16_text), (4 bytes).
    Removing irq_rit.o(.revsh_text), (4 bytes).
    Removing irq_rit.o(.rrx_text), (6 bytes).
    Removing lib_rit.o(.rev16_text), (4 bytes).
    Removing lib_rit.o(.revsh_text), (4 bytes).
    Removing lib_rit.o(.rrx_text), (6 bytes).
    Removing funct_joystick.o(.rev16_text), (4 bytes).
    Removing funct_joystick.o(.revsh_text), (4 bytes).
    Removing funct_joystick.o(.rrx_text), (6 bytes).
    Removing funct_joystick.o(.text), (12 bytes).
    Removing lib_joystick.o(.rev16_text), (4 bytes).
    Removing lib_joystick.o(.revsh_text), (4 bytes).
    Removing lib_joystick.o(.rrx_text), (6 bytes).
    Removing glcd.o(.rev16_text), (4 bytes).
    Removing glcd.o(.revsh_text), (4 bytes).
    Removing glcd.o(.rrx_text), (6 bytes).
    Removing hzlib.o(.text), (52 bytes).
    Removing hzlib.o(.constdata), (216576 bytes).
    Removing game.o(.rev16_text), (4 bytes).
    Removing game.o(.revsh_text), (4 bytes).
    Removing game.o(.rrx_text), (6 bytes).
    Removing gamegfx.o(.rev16_text), (4 bytes).
    Removing gamegfx.o(.revsh_text), (4 bytes).
    Removing gamegfx.o(.rrx_text), (6 bytes).
    Removing music.o(.rev16_text), (4 bytes).
    Removing music.o(.revsh_text), (4 bytes).
    Removing music.o(.rrx_text), (6 bytes).
    Removing songs.o(.rev16_text), (4 bytes).
    Removing songs.o(.revsh_text), (4 bytes).
    Removing songs.o(.rrx_text), (6 bytes).
    Removing can_lib.o(.rev16_text), (4 bytes).
    Removing can_lib.o(.revsh_text), (4 bytes).
    Removing can_lib.o(.rrx_text), (6 bytes).
    Removing irq_can.o(.rev16_text), (4 bytes).
    Removing irq_can.o(.revsh_text), (4 bytes).
    Removing irq_can.o(.rrx_text), (6 bytes).
    Removing s_can.o(.rev16_text), (4 bytes).
    Removing s_can.o(.revsh_text), (4 bytes).
    Removing s_can.o(.rrx_text), (6 bytes).

66 unused section(s) (total 217092 bytes) removed from the image.

==============================================================================

Image Symbol Table

    Local Symbols

    Symbol Name                              Value     Ov Type        Size  Object(Section)

    RESET                                    0x00000000   Section      204  startup_lpc17xx.o(RESET)
    ../clib/angel/boardlib.s                 0x00000000   Number         0  boardinit1.o ABSOLUTE
    ../clib/angel/boardlib.s                 0x00000000   Number         0  boardinit2.o ABSOLUTE
    ../clib/angel/boardlib.s                 0x00000000   Number         0  boardshut.o ABSOLUTE
    ../clib/angel/boardlib.s                 0x00000000   Number         0  boardinit3.o ABSOLUTE
    ../clib/angel/dclz77c.s                  0x00000000   Number         0  __dclz77c.o ABSOLUTE
    ../clib/angel/handlers.s                 0x00000000   Number         0  __scatter_zi.o ABSOLUTE
    ../clib/angel/kernel.s                   0x00000000   Number         0  rtexit2.o ABSOLUTE
    ../clib/angel/kernel.s                   0x00000000   Number         0  __rtentry2.o ABSOLUTE
    ../clib/angel/kernel.s                   0x00000000   Number         0  __rtentry.o ABSOLUTE
    ../clib/angel/kernel.s                   0x00000000   Number         0  rtexit.o ABSOLUTE
    ../clib/angel/kernel.s                   0x00000000   Number         0  __rtentry4.o ABSOLUTE
    ../clib/angel/rt.s                       0x00000000   Number         0  rt_raise.o ABSOLUTE
    ../clib/angel/scatter.s                  0x00000000   Number         0  __scatter.o ABSOLUTE
    ../clib/angel/startup.s                  0x00000000   Number         0  __main.o ABSOLUTE
    ../clib/angel/sys.s                      0x00000000   Number         0  libspace.o ABSOLUTE
    ../clib/angel/sys.s                      0x00000000   Number         0  sys_stackheap_outer.o ABSOLUTE
    ../clib/angel/sys.s                      0x00000000   Number         0  indicate_semi.o ABSOLUTE
    ../clib/angel/sys.s                      0x00000000   Number         0  use_no_semi.o ABSOLUTE
    ../clib/angel/sysapp.c                   0x00000000   Number         0  sys_command.o ABSOLUTE
    ../clib/angel/sysapp.c                   0x00000000   Number         0  sys_wrch.o ABSOLUTE
    ../clib/angel/sysapp.c                   0x00000000   Number         0  sys_exit.o ABSOLUTE
    ../clib/armsys.c                         0x00000000   Number         0  _get_argv_nomalloc.o ABSOLUTE
    ../clib/armsys.c                         0x00000000   Number         0  no_argv.o ABSOLUTE
    ../clib/armsys.c                         0x00000000   Number         0  argv_veneer.o ABSOLUTE
    ../clib/armsys.c                         0x00000000   Number         0  argv_veneer.o ABSOLUTE
    ../clib/heapalloc.c                      0x00000000   Number         0  hrguard.o ABSOLUTE
    ../clib/heapaux.c                        0x00000000   Number         0  heapauxi.o ABSOLUTE
    ../clib/libinit.s                        0x00000000   Number         0  libinit.o ABSOLUTE
    ../clib/libinit.s                        0x00000000   Number         0  libshutdown2.o ABSOLUTE
    ../clib/libinit.s                        0x00000000   Number         0  libshutdown.o ABSOLUTE
    ../clib/libinit.s                        0x00000000   Number         0  libinit2.o ABSOLUTE
    ../clib/memcpset.s                       0x00000000   Number         0  rt_memclr_w.o ABSOLUTE
    ../clib/memcpset.s                       0x00000000   Number         0  rt_memcpy_w.o ABSOLUTE
    ../clib/memcpset.s                       0x00000000   Number         0  rt_memcpy_v6.o ABSOLUTE
    ../clib/memcpset.s                       0x00000000   Number         0  rt_memclr.o ABSOLUTE
    ../clib/memcpset.s                       0x00000000   Number         0  aeabi_memset.o ABSOLUTE
    ../clib/printf.c                         0x00000000   Number         0  _printf_intcommon.o ABSOLUTE
    ../clib/printf.c                         0x00000000   Number         0  _printf_char_common.o ABSOLUTE
    ../clib/printf.c                         0x00000000   Number         0  _sputc.o ABSOLUTE
    ../clib/printf.c                         0x00000000   Number         0  _printf_char.o ABSOLUTE
    ../clib/printf.c                         0x00000000   Number         0  __printf_nopercent.o ABSOLUTE
    ../clib/printf.c                         0x00000000   Number         0  noretval__2sprintf.o ABSOLUTE
    ../clib/printf.c                         0x00000000   Number         0  __printf.o ABSOLUTE
    ../clib/printf.c                         0x00000000   Number         0  _printf_str.o ABSOLUTE
    ../clib/printf.c                         0x00000000   Number         0  _printf_dec.o ABSOLUTE
    ../clib/printf.c                         0x00000000   Number         0  __printf_flags.o ABSOLUTE
    ../clib/printf.c                         0x00000000   Number         0  __printf_ss.o ABSOLUTE
    ../clib/printf.c                         0x00000000   Number         0  __printf_flags_ss.o ABSOLUTE
    ../clib/printf.c                         0x00000000   Number         0  __printf_wp.o ABSOLUTE
    ../clib/printf.c                         0x00000000   Number         0  __printf_flags_wp.o ABSOLUTE
    ../clib/printf.c                         0x00000000   Number         0  __printf_ss_wp.o ABSOLUTE
    ../clib/printf.c                         0x00000000   Number         0  __printf_flags_ss_wp.o ABSOLUTE
    ../clib/printf.c                         0x00000000   Number         0  __2sprintf.o ABSOLUTE
    ../clib/printf_percent.s                 0x00000000   Number         0  _printf_percent_end.o ABSOLUTE
    ../clib/printf_percent.s                 0x00000000   Number         0  _printf_d.o ABSOLUTE
    ../clib/printf_percent.s                 0x00000000   Number         0  _printf_s.o ABSOLUTE
    ../clib/printf_percent.s                 0x00000000   Number         0  _printf_percent.o ABSOLUTE
    ../clib/signal.c                         0x00000000   Number         0  __raise.o ABSOLUTE
    ../clib/signal.c                         0x00000000   Number         0  defsig_rtred_inner.o ABSOLUTE
    ../clib/signal.c                         0x00000000   Number         0  defsig_rtmem_inner.o ABSOLUTE
    ../clib/signal.c                         0x00000000   Number         0  defsig_exit.o ABSOLUTE
    ../clib/signal.c                         0x00000000   Number         0  defsig_abrt_inner.o ABSOLUTE
    ../clib/signal.c                         0x00000000   Number         0  defsig_other.o ABSOLUTE
    ../clib/signal.c                         0x00000000   Number         0  defsig_general.o ABSOLUTE
    ../clib/signal.c                         0x00000000   Number         0  defsig_fpe_inner.o ABSOLUTE
    ../clib/signal.c                         0x00000000   Number         0  defsig_rtmem_formal.o ABSOLUTE
    ../clib/signal.c                         0x00000000   Number         0  defsig_rtmem_outer.o ABSOLUTE
    ../clib/signal.c                         0x00000000   Number         0  defsig_stak_inner.o ABSOLUTE
    ../clib/signal.c                         0x00000000   Number         0  defsig_pvfn_inner.o ABSOLUTE
    ../clib/signal.c                         0x00000000   Number         0  defsig_cppl_inner.o ABSOLUTE
    ../clib/signal.c                         0x00000000   Number         0  defsig_segv_inner.o ABSOLUTE
    ../clib/signal.s                         0x00000000   Number         0  defsig.o ABSOLUTE
    ../clib/stdlib.c                         0x00000000   Number         0  rand.o ABSOLUTE
    ../clib/stdlib.c                         0x00000000   Number         0  exit.o ABSOLUTE
    ../clib/stdlib.c                         0x00000000   Number         0  rand.o ABSOLUTE
    ../clib/string.c                         0x00000000   Number         0  strlen.o ABSOLUTE
    ../clib/string.c                         0x00000000   Number         0  strcpy.o ABSOLUTE
    ../fplib/fdiv.s                          0x00000000   Number         0  fdiv.o ABSOLUTE
    ../fplib/ffix.s                          0x00000000   Number         0  ffix.o ABSOLUTE
    ../fplib/fflt.s                          0x00000000   Number         0  fflt_clz.o ABSOLUTE
    ../fplib/fmul.s                          0x00000000   Number         0  fmul.o ABSOLUTE
    ../fplib/fnaninf.s                       0x00000000   Number         0  fnaninf.o ABSOLUTE
    ../fplib/fpinit.s                        0x00000000   Number         0  fpinit.o ABSOLUTE
    ../fplib/fretinf.s                       0x00000000   Number         0  fretinf.o ABSOLUTE
    ../fplib/usenofp.s                       0x00000000   Number         0  usenofp.o ABSOLUTE
    BootImage.c                              0x00000000   Number         0  bootimage.o ABSOLUTE
    GLCD\AsciiLib.c                          0x00000000   Number         0  asciilib.o ABSOLUTE
    GLCD\GLCD.c                              0x00000000   Number         0  glcd.o ABSOLUTE
    GLCD\HzLib.c                             0x00000000   Number         0  hzlib.o ABSOLUTE
    GLCD\\GLCD.c                             0x00000000   Number         0  glcd.o ABSOLUTE
    RIT\IRQ_RIT.c                            0x00000000   Number         0  irq_rit.o ABSOLUTE
    RIT\\IRQ_RIT.c                           0x00000000   Number         0  irq_rit.o ABSOLUTE
    RIT\\lib_RIT.c                           0x00000000   Number         0  lib_rit.o ABSOLUTE
    RIT\lib_RIT.c                            0x00000000   Number         0  lib_rit.o ABSOLUTE
    button_EXINT\IRQ_button.c                0x00000000   Number         0  irq_button.o ABSOLUTE
    button_EXINT\\IRQ_button.c               0x00000000   Number         0  irq_button.o ABSOLUTE
    button_EXINT\\lib_button.c               0x00000000   Number         0  lib_button.o ABSOLUTE
    button_EXINT\lib_button.c                0x00000000   Number         0  lib_button.o ABSOLUTE
    can\IRQ_can.c                            0x00000000   Number         0  irq_can.o ABSOLUTE
    can\\IRQ_can.c                           0x00000000   Number         0  irq_can.o ABSOLUTE
    can\\can_lib.c                           0x00000000   Number         0  can_lib.o ABSOLUTE
    can\\s_can.c                             0x00000000   Number         0  s_can.o ABSOLUTE
    can\can_lib.c                            0x00000000   Number         0  can_lib.o ABSOLUTE
    can\s_can.c                              0x00000000   Number         0  s_can.o ABSOLUTE
    core_cm3.c                               0x00000000   Number         0  core_cm3.o ABSOLUTE
    core_cm3.c                               0x00000000   Number         0  core_cm3.o ABSOLUTE
    dc.s                                     0x00000000   Number         0  dc.o ABSOLUTE
    game\\game.c                             0x00000000   Number         0  game.o ABSOLUTE
    game\\gamegfx.c                          0x00000000   Number         0  gamegfx.o ABSOLUTE
    game\\music.c                            0x00000000   Number         0  music.o ABSOLUTE
    game\\songs.c                            0x00000000   Number         0  songs.o ABSOLUTE
    game\game.c                              0x00000000   Number         0  game.o ABSOLUTE
    game\gamegfx.c                           0x00000000   Number         0  gamegfx.o ABSOLUTE
    game\music.c                             0x00000000   Number         0  music.o ABSOLUTE
    game\songs.c                             0x00000000   Number         0  songs.o ABSOLUTE
    joystick\\funct_joystick.c               0x00000000   Number         0  funct_joystick.o ABSOLUTE
    joystick\\lib_joystick.c                 0x00000000   Number         0  lib_joystick.o ABSOLUTE
    joystick\funct_joystick.c                0x00000000   Number         0  funct_joystick.o ABSOLUTE
    joystick\lib_joystick.c                  0x00000000   Number         0  lib_joystick.o ABSOLUTE
    led\\funct_led.c                         0x00000000   Number         0  funct_led.o ABSOLUTE
    led\\lib_led.c                           0x00000000   Number         0  lib_led.o ABSOLUTE
    led\funct_led.c                          0x00000000   Number         0  funct_led.o ABSOLUTE
    led\lib_led.c                            0x00000000   Number         0  lib_led.o ABSOLUTE
    sample.c                                 0x00000000   Number         0  sample.o ABSOLUTE
    sample.c                                 0x00000000   Number         0  sample.o ABSOLUTE
    startup_LPC17xx.s                        0x00000000   Number         0  startup_lpc17xx.o ABSOLUTE
    system_LPC17xx.c                         0x00000000   Number         0  system_lpc17xx.o ABSOLUTE
    system_LPC17xx.c                         0x00000000   Number         0  system_lpc17xx.o ABSOLUTE
    timer\IRQ_timer.c                        0x00000000   Number         0  irq_timer.o ABSOLUTE
    timer\\IRQ_timer.c                       0x00000000   Number         0  irq_timer.o ABSOLUTE
    timer\\lib_timer.c                       0x00000000   Number         0  lib_timer.o ABSOLUTE
    timer\lib_timer.c                        0x00000000   Number         0  lib_timer.o ABSOLUTE
    !!!main                                  0x000000cc   Section        8  __main.o(!!!main)
    !!!scatter                               0x000000d4   Section       52  __scatter.o(!!!scatter)
    !!dclz77c                                0x00000108   Section      100  __dclz77c.o(!!dclz77c)
    !!handler_zi                             0x0000016c   Section       28  __scatter_zi.o(!!handler_zi)
    .ARM.Collect$$_printf_percent$$00000000  0x00000188   Section        0  _printf_percent.o(.ARM.Collect$$_printf_percent$$00000000)
    .ARM.Collect$$_printf_percent$$00000009  0x00000188   Section        6  _printf_d.o(.ARM.Collect$$_printf_percent$$00000009)
    .ARM.Collect$$_printf_percent$$00000014  0x0000018e   Section        6  _printf_s.o(.ARM.Collect$$_printf_percent$$00000014)
    .ARM.Collect$$_printf_percent$$00000017  0x00000194   Section        4  _printf_percent_end.o(.ARM.Collect$$_printf_percent$$00000017)
    .ARM.Collect$$libinit$$00000000          0x00000198   Section        2  libinit.o(.ARM.Collect$$libinit$$00000000)
    .ARM.Collect$$libinit$$00000002          0x0000019a   Section        0  libinit2.o(.ARM.Collect$$libinit$$00000002)
    .ARM.Collect$$libinit$$00000004          0x0000019a   Section        0  libinit2.o(.ARM.Collect$$libinit$$00000004)
    .ARM.Collect$$libinit$$0000000A          0x0000019a   Section        0  libinit2.o(.ARM.Collect$$libinit$$0000000A)
    .ARM.Collect$$libinit$$0000000C          0x0000019a   Section        0  libinit2.o(.ARM.Collect$$libinit$$0000000C)
    .ARM.Collect$$libinit$$0000000D          0x0000019a   Section        4  libinit2.o(.ARM.Collect$$libinit$$0000000D)
    .ARM.Collect$$libinit$$0000000E          0x0000019e   Section        0  libinit2.o(.ARM.Collect$$libinit$$0000000E)
    .ARM.Collect$$libinit$$00000011          0x0000019e   Section        0  libinit2.o(.ARM.Collect$$libinit$$00000011)
    .ARM.Collect$$libinit$$00000013          0x0000019e   Section        0  libinit2.o(.ARM.Collect$$libinit$$00000013)
    .ARM.Collect$$libinit$$00000015          0x0000019e   Section        0  libinit2.o(.ARM.Collect$$libinit$$00000015)
    .ARM.Collect$$libinit$$00000017          0x0000019e   Section        0  libinit2.o(.ARM.Collect$$libinit$$00000017)
    .ARM.Collect$$libinit$$00000019          0x0000019e   Section        0  libinit2.o(.ARM.Collect$$libinit$$00000019)
    .ARM.Collect$$libinit$$0000001B          0x0000019e   Section        0  libinit2.o(.ARM.Collect$$libinit$$0000001B)
    .ARM.Collect$$libinit$$0000001D          0x0000019e   Section        0  libinit2.o(.ARM.Collect$$libinit$$0000001D)
    .ARM.Collect$$libinit$$0000001F          0x0000019e   Section        0  libinit2.o(.ARM.Collect$$libinit$$0000001F)
    .ARM.Collect$$libinit$$00000021          0x0000019e   Section        0  libinit2.o(.ARM.Collect$$libinit$$00000021)
    .ARM.Collect$$libinit$$00000023          0x0000019e   Section        0  libinit2.o(.ARM.Collect$$libinit$$00000023)
    .ARM.Collect$$libinit$$00000025          0x0000019e   Section        0  libinit2.o(.ARM.Collect$$libinit$$00000025)
    .ARM.Collect$$libinit$$0000002C          0x0000019e   Section        0  libinit2.o(.ARM.Collect$$libinit$$0000002C)
    .ARM.Collect$$libinit$$0000002E          0x0000019e   Section        0  libinit2.o(.ARM.Collect$$libinit$$0000002E)
    .ARM.Collect$$libinit$$00000030          0x0000019e   Section        0  libinit2.o(.ARM.Collect$$libinit$$00000030)
    .ARM.Collect$$libinit$$00000032          0x0000019e   Section        0  libinit2.o(.ARM.Collect$$libinit$$00000032)
    .ARM.Collect$$libinit$$00000033          0x0000019e   Section        2  libinit2.o(.ARM.Collect$$libinit$$00000033)
    .ARM.Collect$$libshutdown$$00000000      0x000001a0   Section        2  libshutdown.o(.ARM.Collect$$libshutdown$$00000000)
    .ARM.Collect$$libshutdown$$00000002      0x000001a2   Section        0  libshutdown2.o(.ARM.Collect$$libshutdown$$00000002)
    .ARM.Collect$$libshutdown$$00000004      0x000001a2   Section        0  libshutdown2.o(.ARM.Collect$$libshutdown$$00000004)
    .ARM.Collect$$libshutdown$$00000006      0x000001a2   Section        0  libshutdown2.o(.ARM.Collect$$libshutdown$$00000006)
    .ARM.Collect$$libshutdown$$00000009      0x000001a2   Section        0  libshutdown2.o(.ARM.Collect$$libshutdown$$00000009)
    .ARM.Collect$$libshutdown$$0000000C      0x000001a2   Section        0  libshutdown2.o(.ARM.Collect$$libshutdown$$0000000C)
    .ARM.Collect$$libshutdown$$0000000E      0x000001a2   Section        0  libshutdown2.o(.ARM.Collect$$libshutdown$$0000000E)
    .ARM.Collect$$libshutdown$$00000011      0x000001a2   Section        0  libshutdown2.o(.ARM.Collect$$libshutdown$$00000011)
    .ARM.Collect$$libshutdown$$00000012      0x000001a2   Section        2  libshutdown2.o(.ARM.Collect$$libshutdown$$00000012)
    .ARM.Collect$$rtentry$$00000000          0x000001a4   Section        0  __rtentry.o(.ARM.Collect$$rtentry$$00000000)
    .ARM.Collect$$rtentry$$00000002          0x000001a4   Section        0  __rtentry2.o(.ARM.Collect$$rtentry$$00000002)
    .ARM.Collect$$rtentry$$00000004          0x000001a4   Section        6  __rtentry4.o(.ARM.Collect$$rtentry$$00000004)
    .ARM.Collect$$rtentry$$00000009          0x000001aa   Section        0  __rtentry2.o(.ARM.Collect$$rtentry$$00000009)
    .ARM.Collect$$rtentry$$0000000A          0x000001aa   Section        4  __rtentry2.o(.ARM.Collect$$rtentry$$0000000A)
    .ARM.Collect$$rtentry$$0000000C          0x000001ae   Section        0  __rtentry2.o(.ARM.Collect$$rtentry$$0000000C)
    .ARM.Collect$$rtentry$$0000000D          0x000001ae   Section        8  __rtentry2.o(.ARM.Collect$$rtentry$$0000000D)
    .ARM.Collect$$rtexit$$00000000           0x000001b6   Section        2  rtexit.o(.ARM.Collect$$rtexit$$00000000)
    .ARM.Collect$$rtexit$$00000002           0x000001b8   Section        0  rtexit2.o(.ARM.Collect$$rtexit$$00000002)
    .ARM.Collect$$rtexit$$00000003           0x000001b8   Section        4  rtexit2.o(.ARM.Collect$$rtexit$$00000003)
    .ARM.Collect$$rtexit$$00000004           0x000001bc   Section        6  rtexit2.o(.ARM.Collect$$rtexit$$00000004)
    .emb_text                                0x000001c4   Section       52  rand.o(.emb_text)
    .text                                    0x000001f8   Section       52  startup_lpc17xx.o(.text)
    .text                                    0x0000022c   Section        0  sample.o(.text)
    .ARM.__at_0x02FC                         0x000002fc   Section        4  startup_lpc17xx.o(.ARM.__at_0x02FC)
    .text                                    0x00000300   Section        0  system_lpc17xx.o(.text)
    .text                                    0x0000052c   Section        0  lib_led.o(.text)
    .text                                    0x0000056c   Section        0  irq_button.o(.text)
    __NVIC_DisableIRQ                        0x0000056d   Thumb Code    30  irq_button.o(.text)
    .text                                    0x00000624   Section        0  lib_button.o(.text)
    __NVIC_EnableIRQ                         0x00000625   Thumb Code    34  lib_button.o(.text)
    __NVIC_SetPriority                       0x00000647   Thumb Code    32  lib_button.o(.text)
    .text                                    0x000006f8   Section        0  irq_timer.o(.text)
    __NVIC_EnableIRQ                         0x000006f9   Thumb Code    34  irq_timer.o(.text)
    .text                                    0x00000af0   Section        0  lib_timer.o(.text)
    __NVIC_EnableIRQ                         0x00000af1   Thumb Code    34  lib_timer.o(.text)
    __NVIC_SetPriority                       0x00000b13   Thumb Code    32  lib_timer.o(.text)
    .text                                    0x00000c74   Section        0  irq_rit.o(.text)
    .text                                    0x00001174   Section        0  lib_rit.o(.text)
    .text                                    0x00001234   Section        0  lib_joystick.o(.text)
    .text                                    0x000012b8   Section        0  asciilib.o(.text)
    .text                                    0x000012d8   Section        0  glcd.o(.text)
    LCD_Configuration                        0x000012d9   Thumb Code    20  glcd.o(.text)
    wait_delay                               0x000012ed   Thumb Code    12  glcd.o(.text)
    LCD_SetCursor                            0x000012f9   Thumb Code  1356  glcd.o(.text)
    delay_ms                                 0x00001845   Thumb Code    30  glcd.o(.text)
    LCD_BGR2RGB                              0x00004d41   Thumb Code    26  glcd.o(.text)
    .text                                    0x00005e78   Section        0  game.o(.text)
    .text                                    0x00006a54   Section        0  gamegfx.o(.text)
    .text                                    0x000077c0   Section        0  music.o(.text)
    .text                                    0x00007ac4   Section        0  can_lib.o(.text)
    .text                                    0x00007f0c   Section        0  irq_can.o(.text)
    .text                                    0x00008224   Section        0  s_can.o(.text)
    .text                                    0x000084f8   Section        0  noretval__2sprintf.o(.text)
    .text                                    0x00008520   Section        0  __printf.o(.text)
    .text                                    0x00008588   Section        0  _printf_str.o(.text)
    .text                                    0x000085dc   Section        0  _printf_dec.o(.text)
    .text                                    0x00008654   Section        0  rand.o(.text)
    .text                                    0x00008690   Section        0  strcpy.o(.text)
    .text                                    0x000086d8   Section        0  strlen.o(.text)
    .text                                    0x00008716   Section      138  rt_memcpy_v6.o(.text)
    .text                                    0x000087a0   Section       16  aeabi_memset.o(.text)
    .text                                    0x000087b0   Section       68  rt_memclr.o(.text)
    .text                                    0x000087f4   Section        0  heapauxi.o(.text)
    .text                                    0x000087fa   Section        0  _printf_intcommon.o(.text)
    .text                                    0x000088ac   Section        0  _printf_char_common.o(.text)
    _printf_input_char                       0x000088ad   Thumb Code    10  _printf_char_common.o(.text)
    .text                                    0x000088dc   Section        0  _sputc.o(.text)
    .text                                    0x000088e6   Section        0  _printf_char.o(.text)
    .text                                    0x00008912   Section      100  rt_memcpy_w.o(.text)
    .text                                    0x00008976   Section       78  rt_memclr_w.o(.text)
    .text                                    0x000089c4   Section       74  sys_stackheap_outer.o(.text)
    .text                                    0x00008a0e   Section        0  exit.o(.text)
    .text                                    0x00008a20   Section        8  libspace.o(.text)
    .text                                    0x00008a28   Section        2  use_no_semi.o(.text)
    .text                                    0x00008a2a   Section        0  indicate_semi.o(.text)
    .text                                    0x00008a2c   Section        0  sys_exit.o(.text)
    x$fpl$fdiv                               0x00008a38   Section      388  fdiv.o(x$fpl$fdiv)
    _fdiv1                                   0x00008a39   Thumb Code     0  fdiv.o(x$fpl$fdiv)
    x$fpl$ffix                               0x00008bbc   Section       54  ffix.o(x$fpl$ffix)
    x$fpl$fflt                               0x00008bf4   Section       48  fflt_clz.o(x$fpl$fflt)
    x$fpl$ffltu                              0x00008c24   Section       38  fflt_clz.o(x$fpl$ffltu)
    x$fpl$fmul                               0x00008c4c   Section      258  fmul.o(x$fpl$fmul)
    x$fpl$fnaninf                            0x00008d4e   Section      140  fnaninf.o(x$fpl$fnaninf)
    x$fpl$fretinf                            0x00008dda   Section       10  fretinf.o(x$fpl$fretinf)
    .constdata                               0x00008de4   Section     1824  asciilib.o(.constdata)
    x$fpl$usenofp                            0x00008de4   Section        0  usenofp.o(x$fpl$usenofp)
    AsciiLib                                 0x00008de4   Data        1824  asciilib.o(.constdata)
    .constdata                               0x00009504   Section    76954  bootimage.o(.constdata)
    .constdata                               0x0001c1a0   Section      748  music.o(.constdata)
    .conststring                             0x0001c48c   Section       54  s_can.o(.conststring)
    .bss                                     0x10000000   Section    15584  gamegfx.o(.bss)
    .data                                    0x2007c000   Section        4  system_lpc17xx.o(.data)
    .data                                    0x2007c004   Section        1  lib_led.o(.data)
    .data                                    0x2007c008   Section       26  irq_timer.o(.data)
    .data                                    0x2007c024   Section        4  irq_rit.o(.data)
    .data                                    0x2007c028   Section        1  glcd.o(.data)
    LCD_Code                                 0x2007c028   Data           1  glcd.o(.data)
    .data                                    0x2007c02c   Section     2511  game.o(.data)
    .data                                    0x2007c9fc   Section     2276  gamegfx.o(.data)
    .data                                    0x2007d2e0   Section       20  music.o(.data)
    .data                                    0x2007d2f4   Section     5412  songs.o(.data)
    .data                                    0x2007e818   Section       40  s_can.o(.data)
    .bss                                     0x2007e840   Section       26  sample.o(.bss)
    .bss                                     0x2007e85c   Section       52  irq_timer.o(.bss)
    .bss                                     0x2007e890   Section     2246  game.o(.bss)
    .bss                                     0x2007f158   Section      228  rand.o(.bss)
    .bss                                     0x2007f23c   Section       96  libspace.o(.bss)
    HEAP                                     0x2007f2a0   Section        0  startup_lpc17xx.o(HEAP)
    STACK                                    0x2007f2a0   Section      512  startup_lpc17xx.o(STACK)
    Heap_Mem                                 0x2007f2a0   Data           0  startup_lpc17xx.o(HEAP)
    Stack_Mem                                0x2007f2a0   Data         512  startup_lpc17xx.o(STACK)
    __initial_sp                             0x2007f4a0   Data           0  startup_lpc17xx.o(STACK)

    Global Symbols

    Symbol Name                              Value     Ov Type        Size  Object(Section)

    BuildAttributes$$THM_ISAv4$P$D$K$B$S$PE$A:L22UL41UL21$X:L11$S22US41US21$IEEE1$IW$USESV6$~STKCKD$USESV7$~SHL$OSPACE$ROPI$EBA8$UX$STANDARDLIB$REQ8$PRES8$EABIv2 0x00000000   Number         0  anon$$obj.o ABSOLUTE
    __ARM_use_no_argv                        0x00000000   Number         0  sample.o ABSOLUTE
    __Vectors                                0x00000000   Data           4  startup_lpc17xx.o(RESET)
    __ARM_exceptions_init                     - Undefined Weak Reference
    __alloca_initialize                       - Undefined Weak Reference
    __arm_fini_                               - Undefined Weak Reference
    __arm_preinit_                            - Undefined Weak Reference
    __cpp_initialize__aeabi_                  - Undefined Weak Reference
    __cxa_finalize                            - Undefined Weak Reference
    __rt_locale                               - Undefined Weak Reference
    __sigvec_lookup                           - Undefined Weak Reference
    _atexit_init                              - Undefined Weak Reference
    _call_atexit_fns                          - Undefined Weak Reference
    _clock_init                               - Undefined Weak Reference
    _fp_trap_init                             - Undefined Weak Reference
    _fp_trap_shutdown                         - Undefined Weak Reference
    _get_lc_collate                           - Undefined Weak Reference
    _get_lc_ctype                             - Undefined Weak Reference
    _get_lc_monetary                          - Undefined Weak Reference
    _get_lc_numeric                           - Undefined Weak Reference
    _get_lc_time                              - Undefined Weak Reference
    _getenv_init                              - Undefined Weak Reference
    _handle_redirection                       - Undefined Weak Reference
    _init_alloc                               - Undefined Weak Reference
    _init_user_alloc                          - Undefined Weak Reference
    _initio                                   - Undefined Weak Reference
    _printf_mbtowc                            - Undefined Weak Reference
    _printf_post_padding                      - Undefined Weak Reference
    _printf_pre_padding                       - Undefined Weak Reference
    _printf_truncate_signed                   - Undefined Weak Reference
    _printf_truncate_unsigned                 - Undefined Weak Reference
    _signal_finish                            - Undefined Weak Reference
    _signal_init                              - Undefined Weak Reference
    _terminate_alloc                          - Undefined Weak Reference
    _terminate_user_alloc                     - Undefined Weak Reference
    _terminateio                              - Undefined Weak Reference
    __main                                   0x000000cd   Thumb Code     8  __main.o(!!!main)
    __scatterload                            0x000000d5   Thumb Code     0  __scatter.o(!!!scatter)
    __scatterload_rt2                        0x000000d5   Thumb Code    44  __scatter.o(!!!scatter)
    __scatterload_rt2_thumb_only             0x000000d5   Thumb Code     0  __scatter.o(!!!scatter)
    __scatterload_null                       0x000000e3   Thumb Code     0  __scatter.o(!!!scatter)
    __decompress                             0x00000109   Thumb Code   100  __dclz77c.o(!!dclz77c)
    __decompress2                            0x00000109   Thumb Code     0  __dclz77c.o(!!dclz77c)
    __scatterload_zeroinit                   0x0000016d   Thumb Code    28  __scatter_zi.o(!!handler_zi)
    _printf_d                                0x00000189   Thumb Code     0  _printf_d.o(.ARM.Collect$$_printf_percent$$00000009)
    _printf_percent                          0x00000189   Thumb Code     0  _printf_percent.o(.ARM.Collect$$_printf_percent$$00000000)
    _printf_s                                0x0000018f   Thumb Code     0  _printf_s.o(.ARM.Collect$$_printf_percent$$00000014)
    _printf_percent_end                      0x00000195   Thumb Code     0  _printf_percent_end.o(.ARM.Collect$$_printf_percent$$00000017)
    __rt_lib_init                            0x00000199   Thumb Code     0  libinit.o(.ARM.Collect$$libinit$$00000000)
    __rt_lib_init_fp_1                       0x0000019b   Thumb Code     0  libinit2.o(.ARM.Collect$$libinit$$00000002)
    __rt_lib_init_heap_1                     0x0000019b   Thumb Code     0  libinit2.o(.ARM.Collect$$libinit$$0000000A)
    __rt_lib_init_preinit_1                  0x0000019b   Thumb Code     0  libinit2.o(.ARM.Collect$$libinit$$00000004)
    __rt_lib_init_rand_2                     0x0000019b   Thumb Code     0  libinit2.o(.ARM.Collect$$libinit$$0000000D)
    __rt_lib_init_user_alloc_1               0x0000019b   Thumb Code     0  libinit2.o(.ARM.Collect$$libinit$$0000000C)
    __rt_lib_init_alloca_1                   0x0000019f   Thumb Code     0  libinit2.o(.ARM.Collect$$libinit$$0000002E)
    __rt_lib_init_argv_1                     0x0000019f   Thumb Code     0  libinit2.o(.ARM.Collect$$libinit$$0000002C)
    __rt_lib_init_atexit_1                   0x0000019f   Thumb Code     0  libinit2.o(.ARM.Collect$$libinit$$0000001B)
    __rt_lib_init_clock_1                    0x0000019f   Thumb Code     0  libinit2.o(.ARM.Collect$$libinit$$00000021)
    __rt_lib_init_cpp_1                      0x0000019f   Thumb Code     0  libinit2.o(.ARM.Collect$$libinit$$00000032)
    __rt_lib_init_exceptions_1               0x0000019f   Thumb Code     0  libinit2.o(.ARM.Collect$$libinit$$00000030)
    __rt_lib_init_fp_trap_1                  0x0000019f   Thumb Code     0  libinit2.o(.ARM.Collect$$libinit$$0000001F)
    __rt_lib_init_getenv_1                   0x0000019f   Thumb Code     0  libinit2.o(.ARM.Collect$$libinit$$00000023)
    __rt_lib_init_lc_collate_1               0x0000019f   Thumb Code     0  libinit2.o(.ARM.Collect$$libinit$$00000011)
    __rt_lib_init_lc_ctype_1                 0x0000019f   Thumb Code     0  libinit2.o(.ARM.Collect$$libinit$$00000013)
    __rt_lib_init_lc_monetary_1              0x0000019f   Thumb Code     0  libinit2.o(.ARM.Collect$$libinit$$00000015)
    __rt_lib_init_lc_numeric_1               0x0000019f   Thumb Code     0  libinit2.o(.ARM.Collect$$libinit$$00000017)
    __rt_lib_init_lc_time_1                  0x0000019f   Thumb Code     0  libinit2.o(.ARM.Collect$$libinit$$00000019)
    __rt_lib_init_rand_1                     0x0000019f   Thumb Code     0  libinit2.o(.ARM.Collect$$libinit$$0000000E)
    __rt_lib_init_return                     0x0000019f   Thumb Code     0  libinit2.o(.ARM.Collect$$libinit$$00000033)
    __rt_lib_init_signal_1                   0x0000019f   Thumb Code     0  libinit2.o(.ARM.Collect$$libinit$$0000001D)
    __rt_lib_init_stdio_1                    0x0000019f   Thumb Code     0  libinit2.o(.ARM.Collect$$libinit$$00000025)
    __rt_lib_shutdown                        0x000001a1   Thumb Code     0  libshutdown.o(.ARM.Collect$$libshutdown$$00000000)
    __rt_lib_shutdown_cpp_1                  0x000001a3   Thumb Code     0  libshutdown2.o(.ARM.Collect$$libshutdown$$00000004)
    __rt_lib_shutdown_fini_1                 0x000001a3   Thumb Code     0  libshutdown2.o(.ARM.Collect$$libshutdown$$00000002)
    __rt_lib_shutdown_fp_trap_1              0x000001a3   Thumb Code     0  libshutdown2.o(.ARM.Collect$$libshutdown$$00000009)
    __rt_lib_shutdown_heap_1                 0x000001a3   Thumb Code     0  libshutdown2.o(.ARM.Collect$$libshutdown$$00000011)
    __rt_lib_shutdown_return                 0x000001a3   Thumb Code     0  libshutdown2.o(.ARM.Collect$$libshutdown$$00000012)
    __rt_lib_shutdown_signal_1               0x000001a3   Thumb Code     0  libshutdown2.o(.ARM.Collect$$libshutdown$$0000000C)
    __rt_lib_shutdown_stdio_1                0x000001a3   Thumb Code     0  libshutdown2.o(.ARM.Collect$$libshutdown$$00000006)
    __rt_lib_shutdown_user_alloc_1           0x000001a3   Thumb Code     0  libshutdown2.o(.ARM.Collect$$libshutdown$$0000000E)
    __rt_entry                               0x000001a5   Thumb Code     0  __rtentry.o(.ARM.Collect$$rtentry$$00000000)
    __rt_entry_presh_1                       0x000001a5   Thumb Code     0  __rtentry2.o(.ARM.Collect$$rtentry$$00000002)
    __rt_entry_sh                            0x000001a5   Thumb Code     0  __rtentry4.o(.ARM.Collect$$rtentry$$00000004)
    __rt_entry_li                            0x000001ab   Thumb Code     0  __rtentry2.o(.ARM.Collect$$rtentry$$0000000A)
    __rt_entry_postsh_1                      0x000001ab   Thumb Code     0  __rtentry2.o(.ARM.Collect$$rtentry$$00000009)
    __rt_entry_main                          0x000001af   Thumb Code     0  __rtentry2.o(.ARM.Collect$$rtentry$$0000000D)
    __rt_entry_postli_1                      0x000001af   Thumb Code     0  __rtentry2.o(.ARM.Collect$$rtentry$$0000000C)
    __rt_exit                                0x000001b7   Thumb Code     0  rtexit.o(.ARM.Collect$$rtexit$$00000000)
    __rt_exit_ls                             0x000001b9   Thumb Code     0  rtexit2.o(.ARM.Collect$$rtexit$$00000003)
    __rt_exit_prels_1                        0x000001b9   Thumb Code     0  rtexit2.o(.ARM.Collect$$rtexit$$00000002)
    __rt_exit_exit                           0x000001bd   Thumb Code     0  rtexit2.o(.ARM.Collect$$rtexit$$00000004)
    rand                                     0x000001c5   Thumb Code    48  rand.o(.emb_text)
    Reset_Handler                            0x000001f9   Thumb Code     4  startup_lpc17xx.o(.text)
    NMI_Handler                              0x000001fd   Thumb Code     2  startup_lpc17xx.o(.text)
    HardFault_Handler                        0x000001ff   Thumb Code     2  startup_lpc17xx.o(.text)
    MemManage_Handler                        0x00000201   Thumb Code     2  startup_lpc17xx.o(.text)
    BusFault_Handler                         0x00000203   Thumb Code     2  startup_lpc17xx.o(.text)
    UsageFault_Handler                       0x00000205   Thumb Code     2  startup_lpc17xx.o(.text)
    SVC_Handler                              0x00000207   Thumb Code     2  startup_lpc17xx.o(.text)
    DebugMon_Handler                         0x00000209   Thumb Code     2  startup_lpc17xx.o(.text)
    PendSV_Handler                           0x0000020b   Thumb Code     2  startup_lpc17xx.o(.text)
    SysTick_Handler                          0x0000020d   Thumb Code     2  startup_lpc17xx.o(.text)
    ADC_IRQHandler                           0x0000020f   Thumb Code     0  startup_lpc17xx.o(.text)
    BOD_IRQHandler                           0x0000020f   Thumb Code     0  startup_lpc17xx.o(.text)
    CANActivity_IRQHandler                   0x0000020f   Thumb Code     0  startup_lpc17xx.o(.text)
    DMA_IRQHandler                           0x0000020f   Thumb Code     0  startup_lpc17xx.o(.text)
    EINT3_IRQHandler                         0x0000020f   Thumb Code     0  startup_lpc17xx.o(.text)
    ENET_IRQHandler                          0x0000020f   Thumb Code     0  startup_lpc17xx.o(.text)
    I2C0_IRQHandler                          0x0000020f   Thumb Code     0  startup_lpc17xx.o(.text)
    I2C1_IRQHandler                          0x0000020f   Thumb Code     0  startup_lpc17xx.o(.text)
    I2C2_IRQHandler                          0x0000020f   Thumb Code     0  startup_lpc17xx.o(.text)
    I2S_IRQHandler                           0x0000020f   Thumb Code     0  startup_lpc17xx.o(.text)
    MCPWM_IRQHandler                         0x0000020f   Thumb Code     0  startup_lpc17xx.o(.text)
    PLL0_IRQHandler                          0x0000020f   Thumb Code     0  startup_lpc17xx.o(.text)
    PLL1_IRQHandler                          0x0000020f   Thumb Code     0  startup_lpc17xx.o(.text)
    PWM1_IRQHandler                          0x0000020f   Thumb Code     0  startup_lpc17xx.o(.text)
    QEI_IRQHandler                           0x0000020f   Thumb Code     0  startup_lpc17xx.o(.text)
    RTC_IRQHandler                           0x0000020f   Thumb Code     0  startup_lpc17xx.o(.text)
    SPI_IRQHandler                           0x0000020f   Thumb Code     0  startup_lpc17xx.o(.text)
    SSP0_IRQHandler                          0x0000020f   Thumb Code     0  startup_lpc17xx.o(.text)
    SSP1_IRQHandler                          0x0000020f   Thumb Code     0  startup_lpc17xx.o(.text)
    UART0_IRQHandler                         0x0000020f   Thumb Code     0  startup_lpc17xx.o(.text)
    UART1_IRQHandler                         0x0000020f   Thumb Code     0  startup_lpc17xx.o(.text)
    UART2_IRQHandler                         0x0000020f   Thumb Code     0  startup_lpc17xx.o(.text)
    UART3_IRQHandler                         0x0000020f   Thumb Code     0  startup_lpc17xx.o(.text)
    USBActivity_IRQHandler                   0x0000020f   Thumb Code     0  startup_lpc17xx.o(.text)
    USB_IRQHandler                           0x0000020f   Thumb Code     0  startup_lpc17xx.o(.text)
    WDT_IRQHandler                           0x0000020f   Thumb Code     0  startup_lpc17xx.o(.text)
    __user_initial_stackheap                 0x00000211   Thumb Code     0  startup_lpc17xx.o(.text)
    main                                     0x0000022d   Thumb Code   160  sample.o(.text)
    SystemInit                               0x00000301   Thumb Code   526  system_lpc17xx.o(.text)
    LED_init                                 0x0000052d   Thumb Code    36  lib_led.o(.text)
    LED_deinit                               0x00000551   Thumb Code    14  lib_led.o(.text)
    EINT0_IRQHandler                         0x0000058b   Thumb Code    42  irq_button.o(.text)
    EINT1_IRQHandler                         0x000005b5   Thumb Code    42  irq_button.o(.text)
    EINT2_IRQHandler                         0x000005df   Thumb Code    42  irq_button.o(.text)
    BUTTON_init                              0x00000667   Thumb Code   124  lib_button.o(.text)
    TIMER0_IRQHandler                        0x0000071b   Thumb Code    62  irq_timer.o(.text)
    TIMER3_IRQHandler                        0x00000759   Thumb Code    60  irq_timer.o(.text)
    TIMER1_IRQHandler                        0x00000795   Thumb Code   400  irq_timer.o(.text)
    TIMER2_IRQHandler                        0x00000925   Thumb Code   304  irq_timer.o(.text)
    enable_timer                             0x00000b33   Thumb Code    48  lib_timer.o(.text)
    disable_timer                            0x00000b63   Thumb Code    48  lib_timer.o(.text)
    reset_timer                              0x00000b93   Thumb Code    66  lib_timer.o(.text)
    init_timer                               0x00000bd5   Thumb Code   138  lib_timer.o(.text)
    RIT_IRQHandler                           0x00000c75   Thumb Code  1266  irq_rit.o(.text)
    enable_RIT                               0x00001175   Thumb Code    14  lib_rit.o(.text)
    disable_RIT                              0x00001183   Thumb Code    14  lib_rit.o(.text)
    reset_RIT                                0x00001191   Thumb Code     8  lib_rit.o(.text)
    init_RIT                                 0x00001199   Thumb Code   134  lib_rit.o(.text)
    joystick_init                            0x00001235   Thumb Code   122  lib_joystick.o(.text)
    GetASCIICode                             0x000012b9   Thumb Code    26  asciilib.o(.text)
    LCD_Initialization                       0x00001863   Thumb Code 12014  glcd.o(.text)
    LCD_Clear                                0x00004751   Thumb Code  1520  glcd.o(.text)
    LCD_GetPoint                             0x00004d5b   Thumb Code   994  glcd.o(.text)
    LCD_SetPoint                             0x0000513d   Thumb Code   206  glcd.o(.text)
    LCD_DrawLine                             0x0000520b   Thumb Code   250  glcd.o(.text)
    PutChar                                  0x00005305   Thumb Code   104  glcd.o(.text)
    LegacyPutChar                            0x0000536d   Thumb Code   122  glcd.o(.text)
    GUI_ExtraText                            0x000053e7   Thumb Code   104  glcd.o(.text)
    GUI_Text                                 0x0000544f   Thumb Code    36  glcd.o(.text)
    GUI_LegacyExtraText                      0x00005473   Thumb Code    98  glcd.o(.text)
    GUI_LegacyText                           0x000054d5   Thumb Code    36  glcd.o(.text)
    LCD_DrawBlock                            0x000054f9   Thumb Code   232  glcd.o(.text)
    LCD_DrawGhostBlock                       0x000055e1   Thumb Code    88  glcd.o(.text)
    LCD_DrawRectangle                        0x00005639   Thumb Code   236  glcd.o(.text)
    LCD_DrawHollowRectangle                  0x00005725   Thumb Code   550  glcd.o(.text)
    load_selection_pixels                    0x0000594b   Thumb Code    66  glcd.o(.text)
    restore_selection_pixels                 0x0000598d   Thumb Code   236  glcd.o(.text)
    InvertBrightness                         0x00005a79   Thumb Code     8  glcd.o(.text)
    smart_invert_selection_pixels            0x00005a81   Thumb Code   346  glcd.o(.text)
    DarkenBrightness                         0x00005bdb   Thumb Code    80  glcd.o(.text)
    smart_darken_selection_pixels            0x00005c2b   Thumb Code   344  glcd.o(.text)
    LCD_StreamFromFile                       0x00005d83   Thumb Code   240  glcd.o(.text)
    init_playfield                           0x00005e79   Thumb Code    42  game.o(.text)
    init_player                              0x00005ea3   Thumb Code   110  game.o(.text)
    init_all_players                         0x00005f11   Thumb Code    22  game.o(.text)
    init_variables                           0x00005f27   Thumb Code    38  game.o(.text)
    cycle_next_target                        0x00005f4d   Thumb Code    96  game.o(.text)
    init_game_variables                      0x00005fad   Thumb Code   132  game.o(.text)
    init_archetypes                          0x00006031   Thumb Code   106  game.o(.text)
    init_piece                               0x0000609b   Thumb Code    48  game.o(.text)
    init_ghost                               0x000060cb   Thumb Code    30  game.o(.text)
    save_piece_old                           0x000060e9   Thumb Code    14  game.o(.text)
    copy_piece                               0x000060f7   Thumb Code    30  game.o(.text)
    bag_piece                                0x00006115   Thumb Code   126  game.o(.text)
    move_piece                               0x00006193   Thumb Code   388  game.o(.text)
    rotate_piece                             0x00006317   Thumb Code   198  game.o(.text)
    project_ghost                            0x000063dd   Thumb Code    34  game.o(.text)
    add_to_playfield                         0x000063ff   Thumb Code    68  game.o(.text)
    check_playfield                          0x00006443   Thumb Code    82  game.o(.text)
    clear_lines                              0x00006495   Thumb Code    76  game.o(.text)
    add_garbage_to_queue                     0x000064e1   Thumb Code    38  game.o(.text)
    apply_garbage_line                       0x00006507   Thumb Code   118  game.o(.text)
    apply_garbage_queue                      0x0000657d   Thumb Code    52  game.o(.text)
    decrease_fall_threshold                  0x000065b1   Thumb Code    28  game.o(.text)
    check_cleared_total                      0x000065cd   Thumb Code    40  game.o(.text)
    check_game_over                          0x000065f5   Thumb Code    86  game.o(.text)
    increase_option_value                    0x0000664b   Thumb Code    16  game.o(.text)
    decrease_option_value                    0x0000665b   Thumb Code    26  game.o(.text)
    send_game_start_to_all                   0x00006675   Thumb Code    42  game.o(.text)
    send_piece_to_all                        0x0000669f   Thumb Code    76  game.o(.text)
    send_lines_to_target                     0x000066eb   Thumb Code   146  game.o(.text)
    send_ko_to_all                           0x0000677d   Thumb Code    48  game.o(.text)
    send_game_end_to_all                     0x000067ad   Thumb Code    46  game.o(.text)
    game_logic                               0x000067db   Thumb Code   570  game.o(.text)
    draw_piece                               0x00006a55   Thumb Code   218  gamegfx.o(.text)
    draw_ghost_piece                         0x00006b2f   Thumb Code   146  gamegfx.o(.text)
    draw_playfield                           0x00006bc1   Thumb Code   142  gamegfx.o(.text)
    draw_playfield_frame                     0x00006c4f   Thumb Code    28  gamegfx.o(.text)
    configure_mini_playfields                0x00006c6b   Thumb Code   334  gamegfx.o(.text)
    draw_mini_playfield                      0x00006db9   Thumb Code   164  gamegfx.o(.text)
    draw_mini_playfield_frame                0x00006e5d   Thumb Code   116  gamegfx.o(.text)
    draw_all_mini_playfields                 0x00006ed1   Thumb Code    60  gamegfx.o(.text)
    clear_mini_playfield_frame               0x00006f0d   Thumb Code    58  gamegfx.o(.text)
    ko_mini_playfield                        0x00006f47   Thumb Code    96  gamegfx.o(.text)
    draw_background_next                     0x00006fa7   Thumb Code   124  gamegfx.o(.text)
    draw_bagged_next                         0x00007023   Thumb Code   124  gamegfx.o(.text)
    patch_piece                              0x0000709f   Thumb Code   368  gamegfx.o(.text)
    draw_option                              0x0000720f   Thumb Code   740  gamegfx.o(.text)
    draw_option_screen                       0x000074f3   Thumb Code    28  gamegfx.o(.text)
    reset_selection                          0x0000750f   Thumb Code    10  gamegfx.o(.text)
    manage_option_input                      0x00007519   Thumb Code   322  gamegfx.o(.text)
    draw_boot_image                          0x0000765b   Thumb Code    88  gamegfx.o(.text)
    console_refresh                          0x000076b3   Thumb Code   140  gamegfx.o(.text)
    console_push                             0x0000773f   Thumb Code    54  gamegfx.o(.text)
    console_print                            0x00007775   Thumb Code    60  gamegfx.o(.text)
    console_clear                            0x000077b1   Thumb Code    12  gamegfx.o(.text)
    parse_line                               0x000077c1   Thumb Code   382  music.o(.text)
    generate_sound                           0x0000793f   Thumb Code   168  music.o(.text)
    apply_decay                              0x000079e7   Thumb Code    42  music.o(.text)
    start_song                               0x00007a11   Thumb Code    38  music.o(.text)
    resume_song                              0x00007a37   Thumb Code    36  music.o(.text)
    audio_engine                             0x00007a5b   Thumb Code    62  music.o(.text)
    CAN_SetBaudrate                          0x00007ac5   Thumb Code   142  can_lib.o(.text)
    CAN_Init                                 0x00007b53   Thumb Code   296  can_lib.o(.text)
    CAN_Send                                 0x00007c7b   Thumb Code   438  can_lib.o(.text)
    CAN_Receive                              0x00007e31   Thumb Code   118  can_lib.o(.text)
    CAN_HasReceivedMessage                   0x00007ea7   Thumb Code    70  can_lib.o(.text)
    CAN_SimpleMirror                         0x00007eed   Thumb Code    24  can_lib.o(.text)
    CAN_IRQHandler                           0x00007f0d   Thumb Code   682  irq_can.o(.text)
    SCANdestructure                          0x00008225   Thumb Code   102  s_can.o(.text)
    SCANstructure                            0x0000828b   Thumb Code    90  s_can.o(.text)
    SCANcreate                               0x000082e5   Thumb Code    72  s_can.o(.text)
    SCANBufferFirstFree                      0x0000832d   Thumb Code    28  s_can.o(.text)
    SCANSearchFrameNumbers                   0x00008349   Thumb Code    26  s_can.o(.text)
    SCANMsgMgmt                              0x00008363   Thumb Code   352  s_can.o(.text)
    __2sprintf                               0x000084f9   Thumb Code    34  noretval__2sprintf.o(.text)
    __printf                                 0x00008521   Thumb Code   104  __printf.o(.text)
    _printf_str                              0x00008589   Thumb Code    82  _printf_str.o(.text)
    _printf_int_dec                          0x000085dd   Thumb Code   104  _printf_dec.o(.text)
    srand                                    0x00008655   Thumb Code    42  rand.o(.text)
    _rand_init                               0x0000867f   Thumb Code     4  rand.o(.text)
    strcpy                                   0x00008691   Thumb Code    72  strcpy.o(.text)
    strlen                                   0x000086d9   Thumb Code    62  strlen.o(.text)
    __aeabi_memcpy                           0x00008717   Thumb Code     0  rt_memcpy_v6.o(.text)
    __rt_memcpy                              0x00008717   Thumb Code   138  rt_memcpy_v6.o(.text)
    _memcpy_lastbytes                        0x0000877d   Thumb Code     0  rt_memcpy_v6.o(.text)
    __aeabi_memset                           0x000087a1   Thumb Code    16  aeabi_memset.o(.text)
    __aeabi_memclr                           0x000087b1   Thumb Code     0  rt_memclr.o(.text)
    __rt_memclr                              0x000087b1   Thumb Code    68  rt_memclr.o(.text)
    _memset                                  0x000087b5   Thumb Code     0  rt_memclr.o(.text)
    __use_two_region_memory                  0x000087f5   Thumb Code     2  heapauxi.o(.text)
    __rt_heap_escrow$2region                 0x000087f7   Thumb Code     2  heapauxi.o(.text)
    __rt_heap_expand$2region                 0x000087f9   Thumb Code     2  heapauxi.o(.text)
    _printf_int_common                       0x000087fb   Thumb Code   178  _printf_intcommon.o(.text)
    _printf_char_common                      0x000088b7   Thumb Code    32  _printf_char_common.o(.text)
    _sputc                                   0x000088dd   Thumb Code    10  _sputc.o(.text)
    _printf_cs_common                        0x000088e7   Thumb Code    20  _printf_char.o(.text)
    _printf_char                             0x000088fb   Thumb Code    16  _printf_char.o(.text)
    _printf_string                           0x0000890b   Thumb Code     8  _printf_char.o(.text)
    __aeabi_memcpy4                          0x00008913   Thumb Code     0  rt_memcpy_w.o(.text)
    __aeabi_memcpy8                          0x00008913   Thumb Code     0  rt_memcpy_w.o(.text)
    __rt_memcpy_w                            0x00008913   Thumb Code   100  rt_memcpy_w.o(.text)
    _memcpy_lastbytes_aligned                0x0000895b   Thumb Code     0  rt_memcpy_w.o(.text)
    __aeabi_memclr4                          0x00008977   Thumb Code     0  rt_memclr_w.o(.text)
    __aeabi_memclr8                          0x00008977   Thumb Code     0  rt_memclr_w.o(.text)
    __rt_memclr_w                            0x00008977   Thumb Code    78  rt_memclr_w.o(.text)
    _memset_w                                0x0000897b   Thumb Code     0  rt_memclr_w.o(.text)
    __user_setup_stackheap                   0x000089c5   Thumb Code    74  sys_stackheap_outer.o(.text)
    exit                                     0x00008a0f   Thumb Code    18  exit.o(.text)
    __user_libspace                          0x00008a21   Thumb Code     8  libspace.o(.text)
    __user_perproc_libspace                  0x00008a21   Thumb Code     0  libspace.o(.text)
    __user_perthread_libspace                0x00008a21   Thumb Code     0  libspace.o(.text)
    __I$use$semihosting                      0x00008a29   Thumb Code     0  use_no_semi.o(.text)
    __use_no_semihosting_swi                 0x00008a29   Thumb Code     2  use_no_semi.o(.text)
    __semihosting_library_function           0x00008a2b   Thumb Code     0  indicate_semi.o(.text)
    _sys_exit                                0x00008a2d   Thumb Code     8  sys_exit.o(.text)
    __aeabi_fdiv                             0x00008a39   Thumb Code     0  fdiv.o(x$fpl$fdiv)
    _fdiv                                    0x00008a39   Thumb Code   384  fdiv.o(x$fpl$fdiv)
    __aeabi_f2iz                             0x00008bbd   Thumb Code     0  ffix.o(x$fpl$ffix)
    _ffix                                    0x00008bbd   Thumb Code    54  ffix.o(x$fpl$ffix)
    __aeabi_i2f                              0x00008bf5   Thumb Code     0  fflt_clz.o(x$fpl$fflt)
    _fflt                                    0x00008bf5   Thumb Code    48  fflt_clz.o(x$fpl$fflt)
    __aeabi_ui2f                             0x00008c25   Thumb Code     0  fflt_clz.o(x$fpl$ffltu)
    _ffltu                                   0x00008c25   Thumb Code    38  fflt_clz.o(x$fpl$ffltu)
    __aeabi_fmul                             0x00008c4d   Thumb Code     0  fmul.o(x$fpl$fmul)
    _fmul                                    0x00008c4d   Thumb Code   258  fmul.o(x$fpl$fmul)
    __fpl_fnaninf                            0x00008d4f   Thumb Code   140  fnaninf.o(x$fpl$fnaninf)
    __fpl_fretinf                            0x00008ddb   Thumb Code    10  fretinf.o(x$fpl$fretinf)
    __I$use$fp                               0x00008de4   Number         0  usenofp.o(x$fpl$usenofp)
    imageFileData                            0x00009504   Data       76954  bootimage.o(.constdata)
    freqs                                    0x0001c1a0   Data         388  music.o(.constdata)
    SinTable                                 0x0001c324   Data          90  music.o(.constdata)
    SqTable                                  0x0001c37e   Data          90  music.o(.constdata)
    TriTable                                 0x0001c3d8   Data          90  music.o(.constdata)
    SawTable                                 0x0001c432   Data          90  music.o(.constdata)
    Region$$Table$$Base                      0x0001c4c4   Number         0  anon$$obj.o(Region$$Table)
    Region$$Table$$Limit                     0x0001c4f4   Number         0  anon$$obj.o(Region$$Table)
    theSelection                             0x10000000   Data       15368  gamegfx.o(.bss)
    console                                  0x10003c08   Data         216  gamegfx.o(.bss)
    SystemFrequency                          0x2007c000   Data           4  system_lpc17xx.o(.data)
    led_value                                0x2007c004   Data           1  lib_led.o(.data)
    tDAC                                     0x2007c008   Data           2  irq_timer.o(.data)
    t0                                       0x2007c00a   Data           2  irq_timer.o(.data)
    t0old                                    0x2007c00c   Data           2  irq_timer.o(.data)
    t3                                       0x2007c00e   Data           2  irq_timer.o(.data)
    t3old                                    0x2007c010   Data           2  irq_timer.o(.data)
    down_INT0                                0x2007c014   Data           4  irq_timer.o(.data)
    down_KEY1                                0x2007c018   Data           4  irq_timer.o(.data)
    down_KEY2                                0x2007c01c   Data           4  irq_timer.o(.data)
    retries                                  0x2007c020   Data           1  irq_timer.o(.data)
    maxRetries                               0x2007c021   Data           1  irq_timer.o(.data)
    time                                     0x2007c024   Data           4  irq_rit.o(.data)
    gameStatus                               0x2007c02c   Data           1  game.o(.data)
    inputStatus                              0x2007c02d   Data           1  game.o(.data)
    fallCounter                              0x2007c02e   Data           1  game.o(.data)
    fallThreshold                            0x2007c02f   Data           1  game.o(.data)
    thresholdDecreaseAmt                     0x2007c030   Data           1  game.o(.data)
    minThreshold                             0x2007c031   Data           1  game.o(.data)
    hasBaggedPiece                           0x2007c032   Data           1  game.o(.data)
    canBag                                   0x2007c033   Data           1  game.o(.data)
    clearedLines                             0x2007c034   Data           1  game.o(.data)
    clearStreak                              0x2007c035   Data           1  game.o(.data)
    clearedTotal                             0x2007c036   Data           1  game.o(.data)
    clearsForSpeedup                         0x2007c037   Data           1  game.o(.data)
    nextX                                    0x2007c038   Data           1  game.o(.data)
    nextY                                    0x2007c039   Data           1  game.o(.data)
    baggedX                                  0x2007c03a   Data           1  game.o(.data)
    baggedY                                  0x2007c03b   Data           1  game.o(.data)
    ghostEnabled                             0x2007c03c   Data           1  game.o(.data)
    self                                     0x2007c040   Data           4  game.o(.data)
    nPlayers                                 0x2007c044   Data           1  game.o(.data)
    alivePlayers                             0x2007c045   Data           1  game.o(.data)
    winner                                   0x2007c046   Data           1  game.o(.data)
    pauseOptions                             0x2007c048   Data         200  game.o(.data)
    settingOptions                           0x2007c110   Data         240  game.o(.data)
    mainMenuOptions                          0x2007c200   Data         200  game.o(.data)
    controlsOptions                          0x2007c2c8   Data         560  game.o(.data)
    creditsOptions                           0x2007c4f8   Data         480  game.o(.data)
    lobbyOptions                             0x2007c6d8   Data         320  game.o(.data)
    shapeArray                               0x2007c818   Data         448  game.o(.data)
    archetypeArray                           0x2007c9d8   Data          28  game.o(.data)
    typeArray                                0x2007c9f4   Data           7  game.o(.data)
    blockShading                             0x2007c9fc   Data         225  gamegfx.o(.data)
    ghostShading                             0x2007cadd   Data         225  gamegfx.o(.data)
    bgShading                                0x2007cbbe   Data        1575  gamegfx.o(.data)
    LBluePalette                             0x2007d1e6   Data          10  gamegfx.o(.data)
    OrangePalette                            0x2007d1f0   Data          10  gamegfx.o(.data)
    BluePalette                              0x2007d1fa   Data          10  gamegfx.o(.data)
    PurplePalette                            0x2007d204   Data          10  gamegfx.o(.data)
    GreenPalette                             0x2007d20e   Data          10  gamegfx.o(.data)
    RedPalette                               0x2007d218   Data          10  gamegfx.o(.data)
    YellowPalette                            0x2007d222   Data          10  gamegfx.o(.data)
    GreyPalette                              0x2007d22c   Data          10  gamegfx.o(.data)
    BlackPalette                             0x2007d236   Data          10  gamegfx.o(.data)
    PaletteArray                             0x2007d240   Data          36  gamegfx.o(.data)
    bgType                                   0x2007d264   Data           1  gamegfx.o(.data)
    bgPalette                                0x2007d265   Data           1  gamegfx.o(.data)
    garbagePalette                           0x2007d266   Data           1  gamegfx.o(.data)
    frameThickness                           0x2007d267   Data           1  gamegfx.o(.data)
    frameBlinkingStatus                      0x2007d268   Data           1  gamegfx.o(.data)
    frameBlinkingTimer                       0x2007d269   Data           1  gamegfx.o(.data)
    frameBlinkingSpeed                       0x2007d26a   Data           1  gamegfx.o(.data)
    ValueCtrl                                0x2007d26b   Data           3  gamegfx.o(.data)
    SwatchCtrl                               0x2007d26e   Data           3  gamegfx.o(.data)
    BgSwatchCtrl                             0x2007d271   Data           3  gamegfx.o(.data)
    OnOffCtrl                                0x2007d274   Data           3  gamegfx.o(.data)
    JustLabelCtrl                            0x2007d277   Data           3  gamegfx.o(.data)
    ButtonCtrl                               0x2007d27a   Data           3  gamegfx.o(.data)
    pauseMenu                                0x2007d280   Data          16  gamegfx.o(.data)
    mainMenu                                 0x2007d290   Data          16  gamegfx.o(.data)
    creditsMenu                              0x2007d2a0   Data          16  gamegfx.o(.data)
    settingsMenu                             0x2007d2b0   Data          16  gamegfx.o(.data)
    controlsMenu                             0x2007d2c0   Data          16  gamegfx.o(.data)
    lobbyMenu                                0x2007d2d0   Data          16  gamegfx.o(.data)
    masterVolume                             0x2007d2e0   Data           1  music.o(.data)
    musicTheme                               0x2007d2e1   Data           1  music.o(.data)
    tempoCounter                             0x2007d2e2   Data           1  music.o(.data)
    currentSong                              0x2007d2e3   Data           1  music.o(.data)
    channels                                 0x2007d2e4   Data          16  music.o(.data)
    songs                                    0x2007d2f4   Data        5412  songs.o(.data)
    typeTranslate                            0x2007e818   Data           8  s_can.o(.data)
    typeToString                             0x2007e820   Data          32  s_can.o(.data)
    boardInfo                                0x2007e840   Data          26  sample.o(.bss)
    down_JOY                                 0x2007e85c   Data          20  irq_timer.o(.bss)
    data                                     0x2007e870   Data          20  irq_timer.o(.bss)
    scanData                                 0x2007e884   Data          12  irq_timer.o(.bss)
    players                                  0x2007e890   Data        1736  game.o(.bss)
    currentPiece                             0x2007ef58   Data          12  game.o(.bss)
    ghostPiece                               0x2007ef64   Data          12  game.o(.bss)
    nextPiece                                0x2007ef70   Data          12  game.o(.bss)
    baggedPiece                              0x2007ef7c   Data          12  game.o(.bss)
    pieceI                                   0x2007ef88   Data          66  game.o(.bss)
    pieceL                                   0x2007efca   Data          66  game.o(.bss)
    pieceJ                                   0x2007f00c   Data          66  game.o(.bss)
    pieceT                                   0x2007f04e   Data          66  game.o(.bss)
    pieceS                                   0x2007f090   Data          66  game.o(.bss)
    pieceZ                                   0x2007f0d2   Data          66  game.o(.bss)
    pieceQ                                   0x2007f114   Data          66  game.o(.bss)
    _random_number_data                      0x2007f158   Data         228  rand.o(.bss)
    __libspace_start                         0x2007f23c   Data          96  libspace.o(.bss)
    __temporary_stack_top$libspace           0x2007f29c   Data           0  libspace.o(.bss)



==============================================================================

Memory Map of the image

  Image Entry point : 0x000000cd

  Load Region LR_IROM1 (Base: 0x00000000, Size: 0x0001ed34, Max: 0x00080000, ABSOLUTE, COMPRESSED[0x0001cc8c])

    Execution Region ER_IROM1 (Exec base: 0x00000000, Load base: 0x00000000, Size: 0x0001c4f4, Max: 0x00080000, ABSOLUTE)

    Exec Addr    Load Addr    Size         Type   Attr      Idx    E Section Name        Object

    0x00000000   0x00000000   0x000000cc   Data   RO            3    RESET               startup_lpc17xx.o
    0x000000cc   0x000000cc   0x00000008   Code   RO         1017  * !!!main             c_w.l(__main.o)
    0x000000d4   0x000000d4   0x00000034   Code   RO         1214    !!!scatter          c_w.l(__scatter.o)
    0x00000108   0x00000108   0x00000064   Code   RO         1212    !!dclz77c           c_w.l(__dclz77c.o)
    0x0000016c   0x0000016c   0x0000001c   Code   RO         1216    !!handler_zi        c_w.l(__scatter_zi.o)
    0x00000188   0x00000188   0x00000000   Code   RO          999    .ARM.Collect$$_printf_percent$$00000000  c_w.l(_printf_percent.o)
    0x00000188   0x00000188   0x00000006   Code   RO          998    .ARM.Collect$$_printf_percent$$00000009  c_w.l(_printf_d.o)
    0x0000018e   0x0000018e   0x00000006   Code   RO          997    .ARM.Collect$$_printf_percent$$00000014  c_w.l(_printf_s.o)
    0x00000194   0x00000194   0x00000004   Code   RO         1044    .ARM.Collect$$_printf_percent$$00000017  c_w.l(_printf_percent_end.o)
    0x00000198   0x00000198   0x00000002   Code   RO         1133    .ARM.Collect$$libinit$$00000000  c_w.l(libinit.o)
    0x0000019a   0x0000019a   0x00000000   Code   RO         1050    .ARM.Collect$$libinit$$00000002  c_w.l(libinit2.o)
    0x0000019a   0x0000019a   0x00000000   Code   RO         1052    .ARM.Collect$$libinit$$00000004  c_w.l(libinit2.o)
    0x0000019a   0x0000019a   0x00000000   Code   RO         1055    .ARM.Collect$$libinit$$0000000A  c_w.l(libinit2.o)
    0x0000019a   0x0000019a   0x00000000   Code   RO         1057    .ARM.Collect$$libinit$$0000000C  c_w.l(libinit2.o)
    0x0000019a   0x0000019a   0x00000004   Code   RO         1058    .ARM.Collect$$libinit$$0000000D  c_w.l(libinit2.o)
    0x0000019e   0x0000019e   0x00000000   Code   RO         1059    .ARM.Collect$$libinit$$0000000E  c_w.l(libinit2.o)
    0x0000019e   0x0000019e   0x00000000   Code   RO         1062    .ARM.Collect$$libinit$$00000011  c_w.l(libinit2.o)
    0x0000019e   0x0000019e   0x00000000   Code   RO         1064    .ARM.Collect$$libinit$$00000013  c_w.l(libinit2.o)
    0x0000019e   0x0000019e   0x00000000   Code   RO         1066    .ARM.Collect$$libinit$$00000015  c_w.l(libinit2.o)
    0x0000019e   0x0000019e   0x00000000   Code   RO         1068    .ARM.Collect$$libinit$$00000017  c_w.l(libinit2.o)
    0x0000019e   0x0000019e   0x00000000   Code   RO         1070    .ARM.Collect$$libinit$$00000019  c_w.l(libinit2.o)
    0x0000019e   0x0000019e   0x00000000   Code   RO         1072    .ARM.Collect$$libinit$$0000001B  c_w.l(libinit2.o)
    0x0000019e   0x0000019e   0x00000000   Code   RO         1074    .ARM.Collect$$libinit$$0000001D  c_w.l(libinit2.o)
    0x0000019e   0x0000019e   0x00000000   Code   RO         1076    .ARM.Collect$$libinit$$0000001F  c_w.l(libinit2.o)
    0x0000019e   0x0000019e   0x00000000   Code   RO         1078    .ARM.Collect$$libinit$$00000021  c_w.l(libinit2.o)
    0x0000019e   0x0000019e   0x00000000   Code   RO         1080    .ARM.Collect$$libinit$$00000023  c_w.l(libinit2.o)
    0x0000019e   0x0000019e   0x00000000   Code   RO         1082    .ARM.Collect$$libinit$$00000025  c_w.l(libinit2.o)
    0x0000019e   0x0000019e   0x00000000   Code   RO         1086    .ARM.Collect$$libinit$$0000002C  c_w.l(libinit2.o)
    0x0000019e   0x0000019e   0x00000000   Code   RO         1088    .ARM.Collect$$libinit$$0000002E  c_w.l(libinit2.o)
    0x0000019e   0x0000019e   0x00000000   Code   RO         1090    .ARM.Collect$$libinit$$00000030  c_w.l(libinit2.o)
    0x0000019e   0x0000019e   0x00000000   Code   RO         1092    .ARM.Collect$$libinit$$00000032  c_w.l(libinit2.o)
    0x0000019e   0x0000019e   0x00000002   Code   RO         1093    .ARM.Collect$$libinit$$00000033  c_w.l(libinit2.o)
    0x000001a0   0x000001a0   0x00000002   Code   RO         1171    .ARM.Collect$$libshutdown$$00000000  c_w.l(libshutdown.o)
    0x000001a2   0x000001a2   0x00000000   Code   RO         1177    .ARM.Collect$$libshutdown$$00000002  c_w.l(libshutdown2.o)
    0x000001a2   0x000001a2   0x00000000   Code   RO         1179    .ARM.Collect$$libshutdown$$00000004  c_w.l(libshutdown2.o)
    0x000001a2   0x000001a2   0x00000000   Code   RO         1181    .ARM.Collect$$libshutdown$$00000006  c_w.l(libshutdown2.o)
    0x000001a2   0x000001a2   0x00000000   Code   RO         1184    .ARM.Collect$$libshutdown$$00000009  c_w.l(libshutdown2.o)
    0x000001a2   0x000001a2   0x00000000   Code   RO         1187    .ARM.Collect$$libshutdown$$0000000C  c_w.l(libshutdown2.o)
    0x000001a2   0x000001a2   0x00000000   Code   RO         1189    .ARM.Collect$$libshutdown$$0000000E  c_w.l(libshutdown2.o)
    0x000001a2   0x000001a2   0x00000000   Code   RO         1192    .ARM.Collect$$libshutdown$$00000011  c_w.l(libshutdown2.o)
    0x000001a2   0x000001a2   0x00000002   Code   RO         1193    .ARM.Collect$$libshutdown$$00000012  c_w.l(libshutdown2.o)
    0x000001a4   0x000001a4   0x00000000   Code   RO         1035    .ARM.Collect$$rtentry$$00000000  c_w.l(__rtentry.o)
    0x000001a4   0x000001a4   0x00000000   Code   RO         1100    .ARM.Collect$$rtentry$$00000002  c_w.l(__rtentry2.o)
    0x000001a4   0x000001a4   0x00000006   Code   RO         1112    .ARM.Collect$$rtentry$$00000004  c_w.l(__rtentry4.o)
    0x000001aa   0x000001aa   0x00000000   Code   RO         1102    .ARM.Collect$$rtentry$$00000009  c_w.l(__rtentry2.o)
    0x000001aa   0x000001aa   0x00000004   Code   RO         1103    .ARM.Collect$$rtentry$$0000000A  c_w.l(__rtentry2.o)
    0x000001ae   0x000001ae   0x00000000   Code   RO         1105    .ARM.Collect$$rtentry$$0000000C  c_w.l(__rtentry2.o)
    0x000001ae   0x000001ae   0x00000008   Code   RO         1106    .ARM.Collect$$rtentry$$0000000D  c_w.l(__rtentry2.o)
    0x000001b6   0x000001b6   0x00000002   Code   RO         1139    .ARM.Collect$$rtexit$$00000000  c_w.l(rtexit.o)
    0x000001b8   0x000001b8   0x00000000   Code   RO         1151    .ARM.Collect$$rtexit$$00000002  c_w.l(rtexit2.o)
    0x000001b8   0x000001b8   0x00000004   Code   RO         1152    .ARM.Collect$$rtexit$$00000003  c_w.l(rtexit2.o)
    0x000001bc   0x000001bc   0x00000006   Code   RO         1153    .ARM.Collect$$rtexit$$00000004  c_w.l(rtexit2.o)
    0x000001c2   0x000001c2   0x00000002   PAD
    0x000001c4   0x000001c4   0x00000034   Code   RO         1000    .emb_text           c_w.l(rand.o)
    0x000001f8   0x000001f8   0x00000034   Code   RO            5    .text               startup_lpc17xx.o
    0x0000022c   0x0000022c   0x000000d0   Code   RO           16    .text               sample.o
    0x000002fc   0x000002fc   0x00000004   Code   RO            4    .ARM.__at_0x02FC    startup_lpc17xx.o
    0x00000300   0x00000300   0x0000022c   Code   RO          150    .text               system_lpc17xx.o
    0x0000052c   0x0000052c   0x00000040   Code   RO          219    .text               lib_led.o
    0x0000056c   0x0000056c   0x000000b8   Code   RO          246    .text               irq_button.o
    0x00000624   0x00000624   0x000000d4   Code   RO          310    .text               lib_button.o
    0x000006f8   0x000006f8   0x000003f8   Code   RO          338    .text               irq_timer.o
    0x00000af0   0x00000af0   0x00000184   Code   RO          403    .text               lib_timer.o
    0x00000c74   0x00000c74   0x00000500   Code   RO          427    .text               irq_rit.o
    0x00001174   0x00001174   0x000000c0   Code   RO          516    .text               lib_rit.o
    0x00001234   0x00001234   0x00000084   Code   RO          568    .text               lib_joystick.o
    0x000012b8   0x000012b8   0x00000020   Code   RO          589    .text               asciilib.o
    0x000012d8   0x000012d8   0x00004ba0   Code   RO          609    .text               glcd.o
    0x00005e78   0x00005e78   0x00000bdc   Code   RO          674    .text               game.o
    0x00006a54   0x00006a54   0x00000d6c   Code   RO          739    .text               gamegfx.o
    0x000077c0   0x000077c0   0x00000304   Code   RO          790    .text               music.o
    0x00007ac4   0x00007ac4   0x00000448   Code   RO          850    .text               can_lib.o
    0x00007f0c   0x00007f0c   0x00000318   Code   RO          878    .text               irq_can.o
    0x00008224   0x00008224   0x000002d4   Code   RO          939    .text               s_can.o
    0x000084f8   0x000084f8   0x00000028   Code   RO          969    .text               c_w.l(noretval__2sprintf.o)
    0x00008520   0x00008520   0x00000068   Code   RO          971    .text               c_w.l(__printf.o)
    0x00008588   0x00008588   0x00000052   Code   RO          973    .text               c_w.l(_printf_str.o)
    0x000085da   0x000085da   0x00000002   PAD
    0x000085dc   0x000085dc   0x00000078   Code   RO          975    .text               c_w.l(_printf_dec.o)
    0x00008654   0x00008654   0x0000003c   Code   RO         1001    .text               c_w.l(rand.o)
    0x00008690   0x00008690   0x00000048   Code   RO         1005    .text               c_w.l(strcpy.o)
    0x000086d8   0x000086d8   0x0000003e   Code   RO         1007    .text               c_w.l(strlen.o)
    0x00008716   0x00008716   0x0000008a   Code   RO         1009    .text               c_w.l(rt_memcpy_v6.o)
    0x000087a0   0x000087a0   0x00000010   Code   RO         1011    .text               c_w.l(aeabi_memset.o)
    0x000087b0   0x000087b0   0x00000044   Code   RO         1013    .text               c_w.l(rt_memclr.o)
    0x000087f4   0x000087f4   0x00000006   Code   RO         1015    .text               c_w.l(heapauxi.o)
    0x000087fa   0x000087fa   0x000000b2   Code   RO         1036    .text               c_w.l(_printf_intcommon.o)
    0x000088ac   0x000088ac   0x00000030   Code   RO         1038    .text               c_w.l(_printf_char_common.o)
    0x000088dc   0x000088dc   0x0000000a   Code   RO         1040    .text               c_w.l(_sputc.o)
    0x000088e6   0x000088e6   0x0000002c   Code   RO         1042    .text               c_w.l(_printf_char.o)
    0x00008912   0x00008912   0x00000064   Code   RO         1045    .text               c_w.l(rt_memcpy_w.o)
    0x00008976   0x00008976   0x0000004e   Code   RO         1047    .text               c_w.l(rt_memclr_w.o)
    0x000089c4   0x000089c4   0x0000004a   Code   RO         1120    .text               c_w.l(sys_stackheap_outer.o)
    0x00008a0e   0x00008a0e   0x00000012   Code   RO         1122    .text               c_w.l(exit.o)
    0x00008a20   0x00008a20   0x00000008   Code   RO         1136    .text               c_w.l(libspace.o)
    0x00008a28   0x00008a28   0x00000002   Code   RO         1147    .text               c_w.l(use_no_semi.o)
    0x00008a2a   0x00008a2a   0x00000000   Code   RO         1149    .text               c_w.l(indicate_semi.o)
    0x00008a2a   0x00008a2a   0x00000002   PAD
    0x00008a2c   0x00008a2c   0x0000000c   Code   RO         1163    .text               c_w.l(sys_exit.o)
    0x00008a38   0x00008a38   0x00000184   Code   RO         1020    x$fpl$fdiv          fz_ws.l(fdiv.o)
    0x00008bbc   0x00008bbc   0x00000036   Code   RO         1023    x$fpl$ffix          fz_ws.l(ffix.o)
    0x00008bf2   0x00008bf2   0x00000002   PAD
    0x00008bf4   0x00008bf4   0x00000030   Code   RO         1028    x$fpl$fflt          fz_ws.l(fflt_clz.o)
    0x00008c24   0x00008c24   0x00000026   Code   RO         1027    x$fpl$ffltu         fz_ws.l(fflt_clz.o)
    0x00008c4a   0x00008c4a   0x00000002   PAD
    0x00008c4c   0x00008c4c   0x00000102   Code   RO         1033    x$fpl$fmul          fz_ws.l(fmul.o)
    0x00008d4e   0x00008d4e   0x0000008c   Code   RO         1094    x$fpl$fnaninf       fz_ws.l(fnaninf.o)
    0x00008dda   0x00008dda   0x0000000a   Code   RO         1096    x$fpl$fretinf       fz_ws.l(fretinf.o)
    0x00008de4   0x00008de4   0x00000000   Code   RO         1098    x$fpl$usenofp       fz_ws.l(usenofp.o)
    0x00008de4   0x00008de4   0x00000720   Data   RO          590    .constdata          asciilib.o
    0x00009504   0x00009504   0x00012c9a   Data   RO          772    .constdata          bootimage.o
    0x0001c19e   0x0001c19e   0x00000002   PAD
    0x0001c1a0   0x0001c1a0   0x000002ec   Data   RO          791    .constdata          music.o
    0x0001c48c   0x0001c48c   0x00000036   Data   RO          940    .conststring        s_can.o
    0x0001c4c2   0x0001c4c2   0x00000002   PAD
    0x0001c4c4   0x0001c4c4   0x00000030   Data   RO         1210    Region$$Table       anon$$obj.o


    Execution Region RW_IRAM1 (Exec base: 0x10000000, Load base: 0x0001c4f4, Size: 0x00003ce0, Max: 0x00008000, ABSOLUTE)

    Exec Addr    Load Addr    Size         Type   Attr      Idx    E Section Name        Object

    0x10000000        -       0x00003ce0   Zero   RW          740    .bss                gamegfx.o


    Execution Region RW_IRAM2 (Exec base: 0x2007c000, Load base: 0x0001c4f4, Size: 0x000034a0, Max: 0x00008000, ABSOLUTE, COMPRESSED[0x00000798])

    Exec Addr    Load Addr    Size         Type   Attr      Idx    E Section Name        Object

    0x2007c000   COMPRESSED   0x00000004   Data   RW          151    .data               system_lpc17xx.o
    0x2007c004   COMPRESSED   0x00000001   Data   RW          220    .data               lib_led.o
    0x2007c005   COMPRESSED   0x00000003   PAD
    0x2007c008   COMPRESSED   0x0000001a   Data   RW          340    .data               irq_timer.o
    0x2007c022   COMPRESSED   0x00000002   PAD
    0x2007c024   COMPRESSED   0x00000004   Data   RW          428    .data               irq_rit.o
    0x2007c028   COMPRESSED   0x00000001   Data   RW          610    .data               glcd.o
    0x2007c029   COMPRESSED   0x00000003   PAD
    0x2007c02c   COMPRESSED   0x000009cf   Data   RW          676    .data               game.o
    0x2007c9fb   COMPRESSED   0x00000001   PAD
    0x2007c9fc   COMPRESSED   0x000008e4   Data   RW          741    .data               gamegfx.o
    0x2007d2e0   COMPRESSED   0x00000014   Data   RW          792    .data               music.o
    0x2007d2f4   COMPRESSED   0x00001524   Data   RW          825    .data               songs.o
    0x2007e818   COMPRESSED   0x00000028   Data   RW          941    .data               s_can.o
    0x2007e840        -       0x0000001a   Zero   RW           17    .bss                sample.o
    0x2007e85a   COMPRESSED   0x00000002   PAD
    0x2007e85c        -       0x00000034   Zero   RW          339    .bss                irq_timer.o
    0x2007e890        -       0x000008c6   Zero   RW          675    .bss                game.o
    0x2007f156   COMPRESSED   0x00000002   PAD
    0x2007f158        -       0x000000e4   Zero   RW         1002    .bss                c_w.l(rand.o)
    0x2007f23c        -       0x00000060   Zero   RW         1137    .bss                c_w.l(libspace.o)
    0x2007f29c   COMPRESSED   0x00000004   PAD
    0x2007f2a0        -       0x00000000   Zero   RW            2    HEAP                startup_lpc17xx.o
    0x2007f2a0        -       0x00000200   Zero   RW            1    STACK               startup_lpc17xx.o


==============================================================================

Image component sizes


      Code (inc. data)   RO Data    RW Data    ZI Data      Debug   Object Name

        32          6       1824          0          0       1019   asciilib.o
         0          0      76954          0          0        548   bootimage.o
      1096         50          0          0          0       3850   can_lib.o
         0          0          0          0          0      16896   funct_led.o
      3036        232          0       2511       2246      15279   game.o
      3436        200          0       2276      15584      13876   gamegfx.o
     19360        124          0          1          0      55559   glcd.o
       184         28          0          0          0        965   irq_button.o
       792        116          0          0          0       5774   irq_can.o
      1280        234          0          4          0       1320   irq_rit.o
      1016        162          0         26         52       4493   irq_timer.o
       212         22          0          0          0        922   lib_button.o
       132         10          0          0          0        460   lib_joystick.o
        64         14          0          1          0        722   lib_led.o
       192         22          0          0          0      27483   lib_rit.o
       388         22          0          0          0       1760   lib_timer.o
       772         58        748         20          0       3945   music.o
       724         60         54         40          0       3015   s_can.o
       208         48          0          0         26       6247   sample.o
         0          0          0       5412          0       1530   songs.o
        56         22        204          0        512       1000   startup_lpc17xx.o
       556         30          0          4          0        807   system_lpc17xx.o

    ----------------------------------------------------------------------
     33536       1460      79836      10304      18424     167470   Object Totals
         0          0         48          0          0          0   (incl. Generated)
         0          0          4          9          4          0   (incl. Padding)

    ----------------------------------------------------------------------

      Code (inc. data)   RO Data    RW Data    ZI Data      Debug   Library Member Name

       100          0          0          0          0          0   __dclz77c.o
         8          0          0          0          0         68   __main.o
       104          0          0          0          0         84   __printf.o
         0          0          0          0          0          0   __rtentry.o
        12          0          0          0          0          0   __rtentry2.o
         6          0          0          0          0          0   __rtentry4.o
        52          8          0          0          0          0   __scatter.o
        28          0          0          0          0          0   __scatter_zi.o
        44          0          0          0          0        108   _printf_char.o
        48          6          0          0          0         96   _printf_char_common.o
         6          0          0          0          0          0   _printf_d.o
       120         16          0          0          0         92   _printf_dec.o
       178          0          0          0          0         88   _printf_intcommon.o
         0          0          0          0          0          0   _printf_percent.o
         4          0          0          0          0          0   _printf_percent_end.o
         6          0          0          0          0          0   _printf_s.o
        82          0          0          0          0         80   _printf_str.o
        10          0          0          0          0         68   _sputc.o
        16          0          0          0          0         68   aeabi_memset.o
        18          0          0          0          0         80   exit.o
         6          0          0          0          0        152   heapauxi.o
         0          0          0          0          0          0   indicate_semi.o
         2          0          0          0          0          0   libinit.o
         6          0          0          0          0          0   libinit2.o
         2          0          0          0          0          0   libshutdown.o
         2          0          0          0          0          0   libshutdown2.o
         8          4          0          0         96         68   libspace.o
        40          6          0          0          0         84   noretval__2sprintf.o
       112         18          0          0        228        160   rand.o
        68          0          0          0          0         68   rt_memclr.o
        78          0          0          0          0         80   rt_memclr_w.o
       138          0          0          0          0         68   rt_memcpy_v6.o
       100          0          0          0          0         80   rt_memcpy_w.o
         2          0          0          0          0          0   rtexit.o
        10          0          0          0          0          0   rtexit2.o
        72          0          0          0          0         80   strcpy.o
        62          0          0          0          0         76   strlen.o
        12          4          0          0          0         68   sys_exit.o
        74          0          0          0          0         80   sys_stackheap_outer.o
         2          0          0          0          0         68   use_no_semi.o
       388         76          0          0          0         96   fdiv.o
        54          4          0          0          0         84   ffix.o
        86          0          0          0          0        136   fflt_clz.o
       258          4          0          0          0         84   fmul.o
       140          4          0          0          0         84   fnaninf.o
        10          0          0          0          0         68   fretinf.o
         0          0          0          0          0          0   usenofp.o

    ----------------------------------------------------------------------
      2584        150          0          0        328       2516   Library Totals
        10          0          0          0          4          0   (incl. Padding)

    ----------------------------------------------------------------------

      Code (inc. data)   RO Data    RW Data    ZI Data      Debug   Library Name

      1638         62          0          0        324       1964   c_w.l
       936         88          0          0          0        552   fz_ws.l

    ----------------------------------------------------------------------
      2584        150          0          0        328       2516   Library Totals

    ----------------------------------------------------------------------

==============================================================================


      Code (inc. data)   RO Data    RW Data    ZI Data      Debug   

     36120       1610      79836      10304      18752     167330   Grand Totals
     36120       1610      79836       1944      18752     167330   ELF Image Totals (compressed)
     36120       1610      79836       1944          0          0   ROM Totals

==============================================================================

    Total RO  Size (Code + RO Data)               115956 ( 113.24kB)
    Total RW  Size (RW Data + ZI Data)             29056 (  28.38kB)
    Total ROM Size (Code + RO Data + RW Data)     117900 ( 115.14kB)

==============================================================================

